Archive member included because of file (symbol)

contiki-x.ip5-cc13xx.a(contiki-main.o)
                              obj_x.ip5-cc13xx/startup_gcc.o (main)
contiki-x.ip5-cc13xx.a(sensors.o)
                              contiki-x.ip5-cc13xx.a(contiki-main.o) (sensors_process)
contiki-x.ip5-cc13xx.a(leds.o)
                              contiki-x.ip5-cc13xx.a(contiki-main.o) (leds_init)
contiki-x.ip5-cc13xx.a(leds-arch.o)
                              contiki-x.ip5-cc13xx.a(leds.o) (leds_arch_init)
contiki-x.ip5-cc13xx.a(srf06-sensors.o)
                              contiki-x.ip5-cc13xx.a(sensors.o) (sensors_flags)
contiki-x.ip5-cc13xx.a(button-sensor.o)
                              contiki-x.ip5-cc13xx.a(srf06-sensors.o) (button_down_sensor)
contiki-x.ip5-cc13xx.a(board.o)
                              contiki-x.ip5-cc13xx.a(contiki-main.o) (board_init)
contiki-x.ip5-cc13xx.a(als-sensor.o)
                              contiki-x.ip5-cc13xx.a(srf06-sensors.o) (als_sensor)
contiki-x.ip5-cc13xx.a(prop-mode.o)
                              contiki-x.ip5-cc13xx.a(contiki-main.o) (prop_mode_driver)
contiki-x.ip5-cc13xx.a(prop-mode-tx-po)
                              contiki-x.ip5-cc13xx.a(prop-mode.o) (prop_mode_tx_power_779_930)
contiki-x.ip5-cc13xx.a(clock.o)
                              contiki-x.ip5-cc13xx.a(contiki-main.o) (clock_init)
contiki-x.ip5-cc13xx.a(rtimer-arch.o)
                              contiki-x.ip5-cc13xx.a(prop-mode.o) (rtimer_arch_now)
contiki-x.ip5-cc13xx.a(soc-rtc.o)
                              contiki-x.ip5-cc13xx.a(contiki-main.o) (soc_rtc_init)
contiki-x.ip5-cc13xx.a(contiki-watchdo)
                              contiki-x.ip5-cc13xx.a(contiki-main.o) (watchdog_init)
contiki-x.ip5-cc13xx.a(aux-ctrl.o)
                              contiki-x.ip5-cc13xx.a(als-sensor.o) (aux_ctrl_register_consumer)
contiki-x.ip5-cc13xx.a(putchar.o)
                              contiki-x.ip5-cc13xx.a(contiki-main.o) (putchar)
contiki-x.ip5-cc13xx.a(ieee-addr.o)
                              contiki-x.ip5-cc13xx.a(contiki-main.o) (ieee_addr_cpy_to)
contiki-x.ip5-cc13xx.a(cc26xx-uart.o)
                              contiki-x.ip5-cc13xx.a(contiki-main.o) (cc26xx_uart_init)
contiki-x.ip5-cc13xx.a(lpm.o)
                              contiki-x.ip5-cc13xx.a(prop-mode.o) (lpm_sleep)
contiki-x.ip5-cc13xx.a(gpio-interrupt.)
                              contiki-x.ip5-cc13xx.a(button-sensor.o) (gpio_interrupt_register_handler)
contiki-x.ip5-cc13xx.a(oscillators.o)
                              contiki-x.ip5-cc13xx.a(contiki-main.o) (oscillators_select_lf_xosc)
contiki-x.ip5-cc13xx.a(rf-core.o)
                              contiki-x.ip5-cc13xx.a(prop-mode.o) (rf_core_is_accessible)
contiki-x.ip5-cc13xx.a(rf-ble.o)
                              contiki-x.ip5-cc13xx.a(prop-mode.o) (rf_ble_is_active)
contiki-x.ip5-cc13xx.a(random.o)
                              gw-cen.co (random_rand)
contiki-x.ip5-cc13xx.a(soc-trng.o)
                              contiki-x.ip5-cc13xx.a(random.o) (soc_trng_rand_synchronous)
contiki-x.ip5-cc13xx.a(dbg-printf.o)
                              gw-cen.co (printf)
contiki-x.ip5-cc13xx.a(strformat.o)
                              contiki-x.ip5-cc13xx.a(dbg-printf.o) (format_str_v)
contiki-x.ip5-cc13xx.a(autostart.o)
                              contiki-x.ip5-cc13xx.a(contiki-main.o) (autostart_start)
contiki-x.ip5-cc13xx.a(ctimer.o)
                              contiki-x.ip5-cc13xx.a(contiki-main.o) (ctimer_init)
contiki-x.ip5-cc13xx.a(energest.o)
                              contiki-x.ip5-cc13xx.a(contiki-main.o) (energest_init)
contiki-x.ip5-cc13xx.a(etimer.o)
                              contiki-x.ip5-cc13xx.a(clock.o) (etimer_request_poll)
contiki-x.ip5-cc13xx.a(process.o)
                              contiki-x.ip5-cc13xx.a(sensors.o) (process_alloc_event)
contiki-x.ip5-cc13xx.a(rtimer.o)
                              contiki-x.ip5-cc13xx.a(contiki-main.o) (rtimer_init)
contiki-x.ip5-cc13xx.a(timer.o)
                              contiki-x.ip5-cc13xx.a(etimer.o) (timer_set)
contiki-x.ip5-cc13xx.a(serial-line.o)
                              gw-cen.co (serial_line_event_message)
contiki-x.ip5-cc13xx.a(list.o)
                              contiki-x.ip5-cc13xx.a(lpm.o) (list_init)
contiki-x.ip5-cc13xx.a(ringbuf.o)
                              contiki-x.ip5-cc13xx.a(serial-line.o) (ringbuf_init)
contiki-x.ip5-cc13xx.a(broadcast.o)
                              gw-cen.co (broadcast_open)
contiki-x.ip5-cc13xx.a(channel.o)
                              contiki-x.ip5-cc13xx.a(broadcast.o) (channel_set_attributes)
contiki-x.ip5-cc13xx.a(rime.o)
                              contiki-x.ip5-cc13xx.a(contiki-main.o) (rime_driver)
contiki-x.ip5-cc13xx.a(adi.o)
                              contiki-x.ip5-cc13xx.a(oscillators.o) (SafeHapiVoid)
contiki-x.ip5-cc13xx.a(aon_rtc.o)
                              contiki-x.ip5-cc13xx.a(rtimer-arch.o) (NOROM_AONRTCCurrentCompareValueGet)
[...]
Memory Configuration

Name             Origin             Length             Attributes
FLASH            0x00000000         0x0001ffa8         xr
FLASH_CCFG       0x0001ffa8         0x00000058         xr
SRAM             0x20000000         0x00005000         xrw
GPRAM            0x11000000         0x00002000         xrw
*default*        0x00000000         0xffffffff

Linker script and memory map

LOAD obj_x.ip5-cc13xx/fault-handlers.o
LOAD obj_x.ip5-cc13xx/ccfg.o
LOAD obj_x.ip5-cc13xx/startup_gcc.o
LOAD gw-cen.co
LOAD contiki-x.ip5-cc13xx.a
LOAD /usr/bin/../lib/gcc/arm-none-eabi/4.9.3/../../../../arm-none-eabi/lib/armv7-m/libm.a
START GROUP
LOAD /usr/bin/../lib/gcc/arm-none-eabi/4.9.3/armv7-m/libgcc.a
LOAD /usr/bin/../lib/gcc/arm-none-eabi/4.9.3/../../../../arm-none-eabi/lib/armv7-m/libc.a
END GROUP
                0x20005000                _estack = (ORIGIN (SRAM) + 0x5000)
                0x00000000                _Min_Heap_Size = 0x0
                0x00000100                _Min_Stack_Size = 0x100

.text           0x00000000     0x8425
                0x00000000                _text = .
 *(SORT(.vectors))
 .vectors       0x00000000       0xc8 obj_x.ip5-cc13xx/startup_gcc.o
                0x00000000                g_pfnVectors
 *(SORT(.text*))
 .text.FaultISR
                0x000000c8       0x18 obj_x.ip5-cc13xx/fault-handlers.o
                0x000000c8                FaultISR
 .text.NmiSRHandler
                0x000000e0        0x4 obj_x.ip5-cc13xx/startup_gcc.o
                0x000000e0                NmiSR
 .text.IntDefaultHandler
                0x000000e4        0x4 obj_x.ip5-cc13xx/startup_gcc.o
                0x000000e4                SSI0IntHandler
                0x000000e4                SWEvent0IntHandler
                0x000000e4                uDMAIntHandler
                0x000000e4                WatchdogIntHandler
                0x000000e4                RFCHardwareIntHandler
                0x000000e4                Timer1BIntHandler
                0x000000e4                I2SIntHandler
                0x000000e4                Timer2BIntHandler
                0x000000e4                Timer2AIntHandler
                0x000000e4                Timer1AIntHandler
                0x000000e4                AONIntHandler
                0x000000e4                AUXSWEvent0IntHandler
                0x000000e4                AUXADCIntHandler
                0x000000e4                PendSVIntHandler
                0x000000e4                AUXSWEvent1IntHandler
                0x000000e4                SVCallIntHandler
                0x000000e4                MPUFaultIntHandler
                0x000000e4                SysTickIntHandler
                0x000000e4                BusFaultIntHandler
                0x000000e4                AONProgIntHandler
                0x000000e4                AUXCompAIntHandler
                0x000000e4                SSI1IntHandler
                0x000000e4                FlashIntHandler
                0x000000e4                uDMAErrIntHandler
                0x000000e4                UsageFaultIntHandler
                0x000000e4                RFCCmdAckIntHandler
                0x000000e4                CryptoIntHandler
                0x000000e4                Timer0AIntHandler
                0x000000e4                I2CIntHandler
                0x000000e4                DebugMonIntHandler
                0x000000e4                Timer0BIntHandler
                0x000000e4                AUXCombEventIntHandler
                0x000000e4                Timer3AIntHandler
                0x000000e4                DynProgIntHandler
                0x000000e4                Timer3BIntHandler
 .text.ResetISR
                0x000000e8       0x5c obj_x.ip5-cc13xx/startup_gcc.o
                0x000000e8                ResetISR
 .text.process_thread_example_broadcast_process
                0x00000144      0x110 gw-cen.co
 .text.broadcast_recv
                0x00000254       0xe0 gw-cen.co
 .text.fade     0x00000334       0x64 contiki-x.ip5-cc13xx.a(contiki-main.o)
 .text.startup.main
                0x00000398      0x22c contiki-x.ip5-cc13xx.a(contiki-main.o)
                0x00000398                main
 .text.process_thread_sensors_process
                0x000005c4       0xf8 contiki-x.ip5-cc13xx.a(sensors.o)
 .text.leds_init
                0x000006bc       0x14 contiki-x.ip5-cc13xx.a(leds.o)
                0x000006bc                leds_init
 .text.leds_on  0x000006d0       0x14 contiki-x.ip5-cc13xx.a(leds.o)
                0x000006d0                leds_on
 .text.leds_off
                0x000006e4       0x14 contiki-x.ip5-cc13xx.a(leds.o)
                0x000006e4                leds_off
 .text.leds_arch_init
                0x000006f8       0x4c contiki-x.ip5-cc13xx.a(leds-arch.o)
                0x000006f8                leds_arch_init
 .text.leds_arch_set
                0x00000744       0x48 contiki-x.ip5-cc13xx.a(leds-arch.o)
                0x00000744                leds_arch_set
 .text.button_press_handler
                0x0000078c        0x4 contiki-x.ip5-cc13xx.a(button-sensor.o)
 .text.value_select
                0x00000790       0x14 contiki-x.ip5-cc13xx.a(button-sensor.o)
 .text.value_left
                0x000007a4       0x14 contiki-x.ip5-cc13xx.a(button-sensor.o)
 .text.value_right
                0x000007b8       0x14 contiki-x.ip5-cc13xx.a(button-sensor.o)
 .text.value_up
                0x000007cc       0x14 contiki-x.ip5-cc13xx.a(button-sensor.o)
 .text.value_down
                0x000007e0       0x14 contiki-x.ip5-cc13xx.a(button-sensor.o)
 .text.config_buttons.constprop.7
                0x000007f4       0x88 contiki-x.ip5-cc13xx.a(button-sensor.o)
 .text.config_down
                0x0000087c        0xc contiki-x.ip5-cc13xx.a(button-sensor.o)
 .text.config_up
                0x00000888        0xc contiki-x.ip5-cc13xx.a(button-sensor.o)
 .text.config_right
                0x00000894        0xc contiki-x.ip5-cc13xx.a(button-sensor.o)
 .text.config_left
                0x000008a0        0xc contiki-x.ip5-cc13xx.a(button-sensor.o)
 .text.config_select
                0x000008ac        0xc contiki-x.ip5-cc13xx.a(button-sensor.o)
 .text.status.part.0.constprop.9
                0x000008b8       0x18 contiki-x.ip5-cc13xx.a(button-sensor.o)
 .text.status_down
                0x000008d0       0x10 contiki-x.ip5-cc13xx.a(button-sensor.o)
 .text.status_up
                0x000008e0       0x10 contiki-x.ip5-cc13xx.a(button-sensor.o)
 .text.status_right
                0x000008f0       0x10 contiki-x.ip5-cc13xx.a(button-sensor.o)
 .text.status_left
                0x00000900       0x10 contiki-x.ip5-cc13xx.a(button-sensor.o)
 .text.status_select
                0x00000910       0x10 contiki-x.ip5-cc13xx.a(button-sensor.o)
 .text.lpm_handler
                0x00000920       0x34 contiki-x.ip5-cc13xx.a(board.o)
 .text.wakeup_handler
                0x00000954       0x20 contiki-x.ip5-cc13xx.a(board.o)
 .text.board_init
                0x00000974       0x70 contiki-x.ip5-cc13xx.a(board.o)
                0x00000974                board_init
 .text.status   0x000009e4        0x4 contiki-x.ip5-cc13xx.a(als-sensor.o)
 .text.value    0x000009e8       0x24 contiki-x.ip5-cc13xx.a(als-sensor.o)
 .text.config   0x00000a0c       0x88 contiki-x.ip5-cc13xx.a(als-sensor.o)
 .text.get_object
                0x00000a94        0x4 contiki-x.ip5-cc13xx.a(prop-mode.o)
 .text.set_object
                0x00000a98        0x4 contiki-x.ip5-cc13xx.a(prop-mode.o)
 .text.request  0x00000a9c       0x20 contiki-x.ip5-cc13xx.a(prop-mode.o)
 .text.soft_off_prop
                0x00000abc       0x3c contiki-x.ip5-cc13xx.a(prop-mode.o)
 .text.rx_on_prop
                0x00000af8       0x70 contiki-x.ip5-cc13xx.a(prop-mode.o)
 .text.prepare  0x00000b68       0x1c contiki-x.ip5-cc13xx.a(prop-mode.o)
 .text.pending_packet
                0x00000b84       0x34 contiki-x.ip5-cc13xx.a(prop-mode.o)
 .text.read_frame
                0x00000bb8       0x50 contiki-x.ip5-cc13xx.a(prop-mode.o)
 .text.rx_off_prop
                0x00000c08       0x50 contiki-x.ip5-cc13xx.a(prop-mode.o)
 .text.prop_div_radio_setup
                0x00000c58       0x50 contiki-x.ip5-cc13xx.a(prop-mode.o)
 .text.prop_fs  0x00000ca8       0x34 contiki-x.ip5-cc13xx.a(prop-mode.o)
 .text.soft_on_prop
                0x00000cdc       0x20 contiki-x.ip5-cc13xx.a(prop-mode.o)
 .text.off      0x00000cfc       0x24 contiki-x.ip5-cc13xx.a(prop-mode.o)
 .text.on       0x00000d20      0x1fc contiki-x.ip5-cc13xx.a(prop-mode.o)
 .text.set_value
                0x00000f1c      0x19c contiki-x.ip5-cc13xx.a(prop-mode.o)
 .text.get_value
                0x000010b8      0x16c contiki-x.ip5-cc13xx.a(prop-mode.o)
 .text.transmit
                0x00001224       0xac contiki-x.ip5-cc13xx.a(prop-mode.o)
 .text.send     0x000012d0       0x24 contiki-x.ip5-cc13xx.a(prop-mode.o)
 .text.channel_clear
                0x000012f4       0x74 contiki-x.ip5-cc13xx.a(prop-mode.o)
 .text.receiving_packet
                0x00001368       0x28 contiki-x.ip5-cc13xx.a(prop-mode.o)
 .text.init     0x00001390       0x94 contiki-x.ip5-cc13xx.a(prop-mode.o)
 .text.power_domain_on
                0x00001424       0x20 contiki-x.ip5-cc13xx.a(clock.o)
 .text.clock_init
                0x00001444       0x98 contiki-x.ip5-cc13xx.a(clock.o)
                0x00001444                clock_init
 .text.clock_time
                0x000014dc       0x34 contiki-x.ip5-cc13xx.a(clock.o)
                0x000014dc                clock_time
 .text.clock_update
                0x00001510       0x3c contiki-x.ip5-cc13xx.a(clock.o)
                0x00001510                clock_update
 .text.clock_delay_usec
                0x0000154c       0x84 contiki-x.ip5-cc13xx.a(clock.o)
                0x0000154c                clock_delay_usec
 .text.rtimer_arch_init
                0x000015d0        0x4 contiki-x.ip5-cc13xx.a(rtimer-arch.o)
                0x000015d0                rtimer_arch_init
 .text.rtimer_arch_schedule
                0x000015d4        0x8 contiki-x.ip5-cc13xx.a(rtimer-arch.o)
                0x000015d4                rtimer_arch_schedule
 .text.rtimer_arch_now
                0x000015dc        0x4 contiki-x.ip5-cc13xx.a(rtimer-arch.o)
                0x000015dc                rtimer_arch_now
 .text.soc_rtc_init
                0x000015e0       0xa0 contiki-x.ip5-cc13xx.a(soc-rtc.o)
                0x000015e0                soc_rtc_init
 .text.soc_rtc_schedule_one_shot
                0x00001680       0x70 contiki-x.ip5-cc13xx.a(soc-rtc.o)
                0x00001680                soc_rtc_schedule_one_shot
 .text.soc_rtc_last_isr_time
                0x000016f0        0xc contiki-x.ip5-cc13xx.a(soc-rtc.o)
                0x000016f0                soc_rtc_last_isr_time
 .text.AONRTCIntHandler
                0x000016fc       0x88 contiki-x.ip5-cc13xx.a(soc-rtc.o)
                0x000016fc                AONRTCIntHandler
 .text.lock_config
                0x00001784       0x18 contiki-x.ip5-cc13xx.a(contiki-watchdo)
 .text.unlock_config
                0x0000179c       0x2c contiki-x.ip5-cc13xx.a(contiki-watchdo)
 .text.watchdog_init
                0x000017c8       0x1c contiki-x.ip5-cc13xx.a(contiki-watchdo)
                0x000017c8                watchdog_init
 .text.watchdog_start
                0x000017e4       0x30 contiki-x.ip5-cc13xx.a(contiki-watchdo)
                0x000017e4                watchdog_start
 .text.watchdog_periodic
                0x00001814       0x1c contiki-x.ip5-cc13xx.a(contiki-watchdo)
                0x00001814                watchdog_periodic
 .text.aux_ctrl_power_up
                0x00001830       0x28 contiki-x.ip5-cc13xx.a(aux-ctrl.o)
                0x00001830                aux_ctrl_power_up
 .text.aux_ctrl_register_consumer
                0x00001858       0x40 contiki-x.ip5-cc13xx.a(aux-ctrl.o)
                0x00001858                aux_ctrl_register_consumer
 .text.aux_ctrl_power_down
                0x00001898       0x6c contiki-x.ip5-cc13xx.a(aux-ctrl.o)
                0x00001898                aux_ctrl_power_down
 .text.aux_ctrl_unregister_consumer
                0x00001904       0x28 contiki-x.ip5-cc13xx.a(aux-ctrl.o)
                0x00001904                aux_ctrl_unregister_consumer
 .text.putchar  0x0000192c       0x10 contiki-x.ip5-cc13xx.a(putchar.o)
                0x0000192c                putchar
 .text.puts     0x0000193c       0x30 contiki-x.ip5-cc13xx.a(putchar.o)
                0x0000193c                puts
 .text.dbg_send_bytes
                0x0000196c       0x40 contiki-x.ip5-cc13xx.a(putchar.o)
                0x0000196c                dbg_send_bytes
 .text.ieee_addr_cpy_to
                0x000019ac       0x40 contiki-x.ip5-cc13xx.a(ieee-addr.o)
                0x000019ac                ieee_addr_cpy_to
 .text.power_and_clock
                0x000019ec       0x40 contiki-x.ip5-cc13xx.a(cc26xx-uart.o)
 .text.enable   0x00001a2c       0xf0 contiki-x.ip5-cc13xx.a(cc26xx-uart.o)
 .text.accessible
                0x00001b1c       0x24 contiki-x.ip5-cc13xx.a(cc26xx-uart.o)
 .text.lpm_drop_handler
                0x00001b40       0xcc contiki-x.ip5-cc13xx.a(cc26xx-uart.o)
 .text.cc26xx_uart_init
                0x00001c0c       0x28 contiki-x.ip5-cc13xx.a(cc26xx-uart.o)
                0x00001c0c                cc26xx_uart_init
 .text.cc26xx_uart_write_byte
                0x00001c34       0x28 contiki-x.ip5-cc13xx.a(cc26xx-uart.o)
                0x00001c34                cc26xx_uart_write_byte
 .text.cc26xx_uart_set_input
                0x00001c5c       0x64 contiki-x.ip5-cc13xx.a(cc26xx-uart.o)
                0x00001c5c                cc26xx_uart_set_input
 .text.cc26xx_uart_busy
                0x00001cc0       0x18 contiki-x.ip5-cc13xx.a(cc26xx-uart.o)
                0x00001cc0                cc26xx_uart_busy
 .text.UART0IntHandler
                0x00001cd8       0x54 contiki-x.ip5-cc13xx.a(cc26xx-uart.o)
                0x00001cd8                UART0IntHandler
 .text.lpm_sleep
                0x00001d2c       0x14 contiki-x.ip5-cc13xx.a(lpm.o)
                0x00001d2c                lpm_sleep
 .text.lpm_drop
                0x00001d40      0x25c contiki-x.ip5-cc13xx.a(lpm.o)
                0x00001d40                lpm_drop
 .text.lpm_register_module
                0x00001f9c        0xc contiki-x.ip5-cc13xx.a(lpm.o)
                0x00001f9c                lpm_register_module
 .text.lpm_unregister_module
                0x00001fa8        0xc contiki-x.ip5-cc13xx.a(lpm.o)
                0x00001fa8                lpm_unregister_module
 .text.lpm_init
                0x00001fb4       0x20 contiki-x.ip5-cc13xx.a(lpm.o)
                0x00001fb4                lpm_init
 .text.lpm_pin_set_default_state
                0x00001fd4       0x2c contiki-x.ip5-cc13xx.a(lpm.o)
                0x00001fd4                lpm_pin_set_default_state
 .text.gpio_interrupt_register_handler
                0x00002000       0x2c contiki-x.ip5-cc13xx.a(gpio-interrupt.)
                0x00002000                gpio_interrupt_register_handler
 .text.gpio_interrupt_init
                0x0000202c       0x24 contiki-x.ip5-cc13xx.a(gpio-interrupt.)
                0x0000202c                gpio_interrupt_init
 .text.GPIOIntHandler
                0x00002050       0x30 contiki-x.ip5-cc13xx.a(gpio-interrupt.)
                0x00002050                GPIOIntHandler
 .text.oscillators_select_lf_xosc
                0x00002080       0x58 contiki-x.ip5-cc13xx.a(oscillators.o)
                0x00002080                oscillators_select_lf_xosc
 .text.oscillators_request_hf_xosc
                0x000020d8       0x30 contiki-x.ip5-cc13xx.a(oscillators.o)
                0x000020d8                oscillators_request_hf_xosc
 .text.oscillators_switch_to_hf_xosc
                0x00002108       0x34 contiki-x.ip5-cc13xx.a(oscillators.o)
                0x00002108                oscillators_switch_to_hf_xosc
 .text.oscillators_switch_to_hf_rc
                0x0000213c       0x38 contiki-x.ip5-cc13xx.a(oscillators.o)
                0x0000213c                oscillators_switch_to_hf_rc
 .text.process_thread_rf_core_process
                0x00002174       0x58 contiki-x.ip5-cc13xx.a(rf-core.o)
 .text.rf_core_is_accessible
                0x000021cc       0x10 contiki-x.ip5-cc13xx.a(rf-core.o)
                0x000021cc                rf_core_is_accessible
 .text.rf_core_send_cmd
                0x000021dc       0xa4 contiki-x.ip5-cc13xx.a(rf-core.o)
                0x000021dc                rf_core_send_cmd
 .text.rf_core_wait_cmd_done
                0x00002280       0x30 contiki-x.ip5-cc13xx.a(rf-core.o)
                0x00002280                rf_core_wait_cmd_done
 .text.rf_core_power_up
                0x000022b0       0xcc contiki-x.ip5-cc13xx.a(rf-core.o)
                0x000022b0                rf_core_power_up
 .text.rf_core_start_rat
                0x0000237c       0x68 contiki-x.ip5-cc13xx.a(rf-core.o)
                0x0000237c                rf_core_start_rat
 .text.rf_core_stop_rat
                0x000023e4       0x7c contiki-x.ip5-cc13xx.a(rf-core.o)
                0x000023e4                rf_core_stop_rat
 .text.rf_core_power_down
                0x00002460       0xec contiki-x.ip5-cc13xx.a(rf-core.o)
                0x00002460                rf_core_power_down
 .text.rf_core_set_modesel
                0x0000254c       0x44 contiki-x.ip5-cc13xx.a(rf-core.o)
                0x0000254c                rf_core_set_modesel
 .text.rf_core_setup_interrupts
                0x00002590       0x74 contiki-x.ip5-cc13xx.a(rf-core.o)
                0x00002590                rf_core_setup_interrupts
 .text.rf_core_cmd_done_en
                0x00002604       0x28 contiki-x.ip5-cc13xx.a(rf-core.o)
                0x00002604                rf_core_cmd_done_en
 .text.rf_core_cmd_done_dis
                0x0000262c       0x18 contiki-x.ip5-cc13xx.a(rf-core.o)
                0x0000262c                rf_core_cmd_done_dis
 .text.rf_core_get_last_radio_op
                0x00002644        0xc contiki-x.ip5-cc13xx.a(rf-core.o)
                0x00002644                rf_core_get_last_radio_op
 .text.rf_core_primary_mode_register
                0x00002650        0xc contiki-x.ip5-cc13xx.a(rf-core.o)
                0x00002650                rf_core_primary_mode_register
 .text.RFCCPE1IntHandler
                0x0000265c       0x28 contiki-x.ip5-cc13xx.a(rf-core.o)
                0x0000265c                RFCCPE1IntHandler
 .text.RFCCPE0IntHandler
                0x00002684       0x5c contiki-x.ip5-cc13xx.a(rf-core.o)
                0x00002684                RFCCPE0IntHandler
 .text.rf_ble_is_active
                0x000026e0        0xc contiki-x.ip5-cc13xx.a(rf-ble.o)
                0x000026e0                rf_ble_is_active
 .text.random_rand
                0x000026ec        0xc contiki-x.ip5-cc13xx.a(random.o)
                0x000026ec                random_rand
 .text.random_init
                0x000026f8        0x4 contiki-x.ip5-cc13xx.a(random.o)
                0x000026f8                random_init
 .text.power_up
                0x000026fc       0x40 contiki-x.ip5-cc13xx.a(soc-trng.o)
 .text.request  0x0000273c       0x14 contiki-x.ip5-cc13xx.a(soc-trng.o)
 .text.process_thread_soc_trng_process
                0x00002750       0x94 contiki-x.ip5-cc13xx.a(soc-trng.o)
 .text.accessible
                0x000027e4       0x24 contiki-x.ip5-cc13xx.a(soc-trng.o)
 .text.soc_trng_rand_synchronous
                0x00002808       0xc4 contiki-x.ip5-cc13xx.a(soc-trng.o)
                0x00002808                soc_trng_rand_synchronous
 .text.TRNGIntHandler
                0x000028cc       0x50 contiki-x.ip5-cc13xx.a(soc-trng.o)
                0x000028cc                TRNGIntHandler
 .text.soc_trng_init
                0x0000291c       0x28 contiki-x.ip5-cc13xx.a(soc-trng.o)
                0x0000291c                soc_trng_init
 .text.write_str
                0x00002944       0x14 contiki-x.ip5-cc13xx.a(dbg-printf.o)
 .text.printf   0x00002958       0x24 contiki-x.ip5-cc13xx.a(dbg-printf.o)
                0x00002958                printf
 .text.fill_space
                0x0000297c       0x3c contiki-x.ip5-cc13xx.a(strformat.o)
 .text.format_str_v
                0x000029b8      0x95c contiki-x.ip5-cc13xx.a(strformat.o)
                0x000029b8                format_str_v
 .text.autostart_start
                0x00003314       0x18 contiki-x.ip5-cc13xx.a(autostart.o)
                0x00003314                autostart_start
 .text.process_thread_ctimer_process
                0x0000332c       0x94 contiki-x.ip5-cc13xx.a(ctimer.o)
 .text.ctimer_init
                0x000033c0       0x28 contiki-x.ip5-cc13xx.a(ctimer.o)
                0x000033c0                ctimer_init
 .text.ctimer_set_with_process
                0x000033e8       0x4c contiki-x.ip5-cc13xx.a(ctimer.o)
                0x000033e8                ctimer_set_with_process
 .text.ctimer_set
                0x00003434       0x18 contiki-x.ip5-cc13xx.a(ctimer.o)
                0x00003434                ctimer_set
 .text.ctimer_stop
                0x0000344c       0x34 contiki-x.ip5-cc13xx.a(ctimer.o)
                0x0000344c                ctimer_stop
 .text.energest_init
                0x00003480        0x4 contiki-x.ip5-cc13xx.a(energest.o)
                0x00003480                energest_init
 .text.update_time
                0x00003484       0x44 contiki-x.ip5-cc13xx.a(etimer.o)
 .text.process_thread_etimer_process
                0x000034c8       0xc8 contiki-x.ip5-cc13xx.a(etimer.o)
 .text.add_timer
                0x00003590       0x54 contiki-x.ip5-cc13xx.a(etimer.o)
 .text.etimer_request_poll
                0x000035e4        0xc contiki-x.ip5-cc13xx.a(etimer.o)
                0x000035e4                etimer_request_poll
 .text.etimer_set
                0x000035f0       0x14 contiki-x.ip5-cc13xx.a(etimer.o)
                0x000035f0                etimer_set
 .text.etimer_expired
                0x00003604        0xc contiki-x.ip5-cc13xx.a(etimer.o)
                0x00003604                etimer_expired
 .text.etimer_pending
                0x00003610       0x10 contiki-x.ip5-cc13xx.a(etimer.o)
                0x00003610                etimer_pending
 .text.etimer_next_expiration_time
                0x00003620       0x14 contiki-x.ip5-cc13xx.a(etimer.o)
                0x00003620                etimer_next_expiration_time
 .text.etimer_stop
                0x00003634       0x4c contiki-x.ip5-cc13xx.a(etimer.o)
                0x00003634                etimer_stop
 .text.exit_process
                0x00003680       0xb0 contiki-x.ip5-cc13xx.a(process.o)
 .text.call_process.part.0
                0x00003730       0x38 contiki-x.ip5-cc13xx.a(process.o)
 .text.do_poll  0x00003768       0x3c contiki-x.ip5-cc13xx.a(process.o)
 .text.process_alloc_event
                0x000037a4       0x10 contiki-x.ip5-cc13xx.a(process.o)
                0x000037a4                process_alloc_event
 .text.process_init
                0x000037b4       0x34 contiki-x.ip5-cc13xx.a(process.o)
                0x000037b4                process_init
 .text.process_run
                0x000037e8       0xac contiki-x.ip5-cc13xx.a(process.o)
                0x000037e8                process_run
 .text.process_nevents
                0x00003894       0x14 contiki-x.ip5-cc13xx.a(process.o)
                0x00003894                process_nevents
 .text.process_post
                0x000038a8       0x40 contiki-x.ip5-cc13xx.a(process.o)
                0x000038a8                process_post
 .text.process_post_synch
                0x000038e8       0x18 contiki-x.ip5-cc13xx.a(process.o)
                0x000038e8                process_post_synch
 .text.process_start
                0x00003900       0x40 contiki-x.ip5-cc13xx.a(process.o)
                0x00003900                process_start
 .text.process_poll
                0x00003940       0x18 contiki-x.ip5-cc13xx.a(process.o)
                0x00003940                process_poll
 .text.rtimer_init
                0x00003958        0x4 contiki-x.ip5-cc13xx.a(rtimer.o)
                0x00003958                rtimer_init
 .text.rtimer_set
                0x0000395c       0x2c contiki-x.ip5-cc13xx.a(rtimer.o)
                0x0000395c                rtimer_set
 .text.rtimer_run_next
                0x00003988       0x28 contiki-x.ip5-cc13xx.a(rtimer.o)
                0x00003988                rtimer_run_next
 .text.timer_set
                0x000039b0       0x10 contiki-x.ip5-cc13xx.a(timer.o)
                0x000039b0                timer_set
 .text.timer_expired
                0x000039c0       0x1c contiki-x.ip5-cc13xx.a(timer.o)
                0x000039c0                timer_expired
 .text.process_thread_serial_line_process
                0x000039dc       0xac contiki-x.ip5-cc13xx.a(serial-line.o)
 .text.serial_line_input_byte
                0x00003a88       0x54 contiki-x.ip5-cc13xx.a(serial-line.o)
                0x00003a88                serial_line_input_byte
 .text.serial_line_init
                0x00003adc       0x24 contiki-x.ip5-cc13xx.a(serial-line.o)
                0x00003adc                serial_line_init
 .text.list_init
                0x00003b00        0x8 contiki-x.ip5-cc13xx.a(list.o)
                0x00003b00                list_init
 .text.list_head
                0x00003b08        0x4 contiki-x.ip5-cc13xx.a(list.o)
                0x00003b08                list_head
 .text.list_add
                0x00003b0c       0x48 contiki-x.ip5-cc13xx.a(list.o)
                0x00003b0c                list_add
 .text.list_push
                0x00003b54       0x40 contiki-x.ip5-cc13xx.a(list.o)
                0x00003b54                list_push
 .text.list_remove
                0x00003b94       0x2c contiki-x.ip5-cc13xx.a(list.o)
                0x00003b94                list_remove
 .text.list_length
                0x00003bc0       0x14 contiki-x.ip5-cc13xx.a(list.o)
                0x00003bc0                list_length
 .text.list_item_next
                0x00003bd4        0x8 contiki-x.ip5-cc13xx.a(list.o)
                0x00003bd4                list_item_next
 .text.ringbuf_init
                0x00003bdc       0x10 contiki-x.ip5-cc13xx.a(ringbuf.o)
                0x00003bdc                ringbuf_init
 .text.ringbuf_put
                0x00003bec       0x30 contiki-x.ip5-cc13xx.a(ringbuf.o)
                0x00003bec                ringbuf_put
 .text.ringbuf_get
                0x00003c1c       0x28 contiki-x.ip5-cc13xx.a(ringbuf.o)
                0x00003c1c                ringbuf_get
 .text.sent_by_abc
                0x00003c44        0xc contiki-x.ip5-cc13xx.a(broadcast.o)
 .text.recv_from_abc
                0x00003c50       0x24 contiki-x.ip5-cc13xx.a(broadcast.o)
 .text.broadcast_open
                0x00003c74       0x24 contiki-x.ip5-cc13xx.a(broadcast.o)
                0x00003c74                broadcast_open
 .text.broadcast_close
                0x00003c98        0x4 contiki-x.ip5-cc13xx.a(broadcast.o)
                0x00003c98                broadcast_close
 .text.broadcast_send
                0x00003c9c       0x1c contiki-x.ip5-cc13xx.a(broadcast.o)
                0x00003c9c                broadcast_send
 .text.channel_init
                0x00003cb8        0xc contiki-x.ip5-cc13xx.a(channel.o)
                0x00003cb8                channel_init
 .text.channel_open
                0x00003cc4       0x10 contiki-x.ip5-cc13xx.a(channel.o)
                0x00003cc4                channel_open
 .text.channel_close
                0x00003cd4        0xc contiki-x.ip5-cc13xx.a(channel.o)
                0x00003cd4                channel_close
 .text.channel_lookup
                0x00003ce0       0x30 contiki-x.ip5-cc13xx.a(channel.o)
                0x00003ce0                channel_lookup
 .text.channel_set_attributes
                0x00003d10       0x18 contiki-x.ip5-cc13xx.a(channel.o)
                0x00003d10                channel_set_attributes
 .text.packet_sent
                0x00003d28       0x38 contiki-x.ip5-cc13xx.a(rime.o)
 .text.input    0x00003d60       0x38 contiki-x.ip5-cc13xx.a(rime.o)
 .text.init     0x00003d98       0x28 contiki-x.ip5-cc13xx.a(rime.o)
 .text.rime_output
                0x00003dc0       0x24 contiki-x.ip5-cc13xx.a(rime.o)
                0x00003dc0                rime_output
 .text.SafeHapiVoid
                0x00003de4       0x2c contiki-x.ip5-cc13xx.a(adi.o)
                0x00003de4                SafeHapiVoid
 .text.SafeHapiAuxAdiSelect
                0x00003e10       0x30 contiki-x.ip5-cc13xx.a(adi.o)
                0x00003e10                SafeHapiAuxAdiSelect
 .text.NOROM_AONRTCCurrentCompareValueGet
                0x00003e40       0x24 contiki-x.ip5-cc13xx.a(aon_rtc.o)
                0x00003e40                NOROM_AONRTCCurrentCompareValueGet
 .text.NOROM_AUXADCDisable
                0x00003e64       0x80 contiki-x.ip5-cc13xx.a(aux_adc.o)
                0x00003e64                NOROM_AUXADCDisable
 .text.NOROM_AUXADCEnableSync
                0x00003ee4       0xbc contiki-x.ip5-cc13xx.a(aux_adc.o)
                0x00003ee4                NOROM_AUXADCEnableSync
 .text.NOROM_AUXADCReadFifo
                0x00003fa0       0x18 contiki-x.ip5-cc13xx.a(aux_adc.o)
                0x00003fa0                NOROM_AUXADCReadFifo
 .text.NOROM_ChipInfo_GetSupportedProtocol_BV
                0x00003fb8       0x10 contiki-x.ip5-cc13xx.a(chipinfo.o)
                0x00003fb8                NOROM_ChipInfo_GetSupportedProtocol_BV
 .text.NOROM_ChipInfo_GetChipFamily
                0x00003fc8       0x50 contiki-x.ip5-cc13xx.a(chipinfo.o)
                0x00003fc8                NOROM_ChipInfo_GetChipFamily
 .text.NOROM_ChipInfo_GetChipType
                0x00004018       0x30 contiki-x.ip5-cc13xx.a(chipinfo.o)
                0x00004018                NOROM_ChipInfo_GetChipType
 .text.NOROM_ChipInfo_GetHwRevision
                0x00004048       0x70 contiki-x.ip5-cc13xx.a(chipinfo.o)
                0x00004048                NOROM_ChipInfo_GetHwRevision
 .text.NOROM_ThisCodeIsBuiltForCC13xxHwRev20AndLater_HaltIfViolated
                0x000040b8       0x18 contiki-x.ip5-cc13xx.a(chipinfo.o)
                0x000040b8                NOROM_ThisCodeIsBuiltForCC13xxHwRev20AndLater_HaltIfViolated
 .text.NOROM_CPUcpsid
                0x000040d0        0x8 contiki-x.ip5-cc13xx.a(cpu.o)
                0x000040d0                NOROM_CPUcpsid
 .text.NOROM_CPUcpsie
                0x000040d8        0x8 contiki-x.ip5-cc13xx.a(cpu.o)
                0x000040d8                NOROM_CPUcpsie
 .text.NOROM_OSCClockSourceSet
                0x000040e0       0x60 contiki-x.ip5-cc13xx.a(osc.o)
                0x000040e0                NOROM_OSCClockSourceSet
 .text.NOROM_OSCClockSourceGet
                0x00004140       0x2c contiki-x.ip5-cc13xx.a(osc.o)
                0x00004140                NOROM_OSCClockSourceGet
 .text.NOROM_PowerCtrlSourceSet
                0x0000416c       0x30 contiki-x.ip5-cc13xx.a(pwr_ctrl.o)
                0x0000416c                NOROM_PowerCtrlSourceSet
 .text.NOROM_RFCRTrim
                0x0000419c      0x138 contiki-x.ip5-cc13xx.a(rfc.o)
                0x0000419c                NOROM_RFCRTrim
 .text.NOROM_RFCAdi3VcoLdoVoltageMode
                0x000042d4       0x20 contiki-x.ip5-cc13xx.a(rfc.o)
                0x000042d4                NOROM_RFCAdi3VcoLdoVoltageMode
 .text.TrimAfterColdResetWakeupFromShutDown
                0x000042f4       0xd8 contiki-x.ip5-cc13xx.a(setup.o)
 .text.NOROM_SetupTrimDevice
                0x000043cc       0xa4 contiki-x.ip5-cc13xx.a(setup.o)
                0x000043cc                NOROM_SetupTrimDevice
 .text.NOROM_SetupGetTrimForXoscHfCtl.part.3
                0x00004470       0x20 contiki-x.ip5-cc13xx.a(setup_rom.o)
 .text.NOROM_SetupGetTrimForRadcExtCfg.part.4
                0x00004490       0x20 contiki-x.ip5-cc13xx.a(setup_rom.o)
 .text.NOROM_SetupSetVddrLevel
                0x000044b0       0xa4 contiki-x.ip5-cc13xx.a(setup_rom.o)
                0x000044b0                NOROM_SetupSetVddrLevel
 .text.NOROM_SetupAfterColdResetWakeupFromShutDownCfg1
                0x00004554       0xc0 contiki-x.ip5-cc13xx.a(setup_rom.o)
                0x00004554                NOROM_SetupAfterColdResetWakeupFromShutDownCfg1
 .text.NOROM_SetupAfterColdResetWakeupFromShutDownCfg3
                0x00004614      0x194 contiki-x.ip5-cc13xx.a(setup_rom.o)
                0x00004614                NOROM_SetupAfterColdResetWakeupFromShutDownCfg3
 .text.NOROM_SetupGetTrimForAnabypassValue1
                0x000047a8       0x64 contiki-x.ip5-cc13xx.a(setup_rom.o)
                0x000047a8                NOROM_SetupGetTrimForAnabypassValue1
 .text.NOROM_SetupGetTrimForAmpcompCtrl
                0x0000480c       0x74 contiki-x.ip5-cc13xx.a(setup_rom.o)
                0x0000480c                NOROM_SetupGetTrimForAmpcompCtrl
 .text.NOROM_SetupAfterColdResetWakeupFromShutDownCfg2
                0x00004880      0x19c contiki-x.ip5-cc13xx.a(setup_rom.o)
                0x00004880                NOROM_SetupAfterColdResetWakeupFromShutDownCfg2
 .text.NOROM_SetupSetCacheModeAccordingToCcfgSetting
                0x00004a1c       0x6c contiki-x.ip5-cc13xx.a(setup_rom.o)
                0x00004a1c                NOROM_SetupSetCacheModeAccordingToCcfgSetting
 .text.NOROM_SysCtrlSetRechargeBeforePowerDown
                0x00004a88      0x2b0 contiki-x.ip5-cc13xx.a(sys_ctrl.o)
                0x00004a88                NOROM_SysCtrlSetRechargeBeforePowerDown
 .text.NOROM_SysCtrlAdjustRechargeAfterPowerDown
                0x00004d38       0x64 contiki-x.ip5-cc13xx.a(sys_ctrl.o)
                0x00004d38                NOROM_SysCtrlAdjustRechargeAfterPowerDown
 .text.NOROM_SysCtrl_DCDC_VoltageConditionalControl
                0x00004d9c       0x7c contiki-x.ip5-cc13xx.a(sys_ctrl.o)
                0x00004d9c                NOROM_SysCtrl_DCDC_VoltageConditionalControl
 .text.NOROM_TRNGConfigure
                0x00004e18       0x38 contiki-x.ip5-cc13xx.a(trng.o)
                0x00004e18                NOROM_TRNGConfigure
 .text.linkaddr_copy
                0x00004e50        0x8 contiki-x.ip5-cc13xx.a(linkaddr.o)
                0x00004e50                linkaddr_copy
 .text.linkaddr_cmp
                0x00004e58       0x10 contiki-x.ip5-cc13xx.a(linkaddr.o)
                0x00004e58                linkaddr_cmp
 .text.netstack_init
                0x00004e68       0x38 contiki-x.ip5-cc13xx.a(netstack.o)
                0x00004e68                netstack_init
 .text.packetbuf_compact
                0x00004ea0       0x4c contiki-x.ip5-cc13xx.a(packetbuf.o)
                0x00004ea0                packetbuf_compact
 .text.packetbuf_copyto
                0x00004eec       0x50 contiki-x.ip5-cc13xx.a(packetbuf.o)
                0x00004eec                packetbuf_copyto
 .text.packetbuf_hdralloc
                0x00004f3c       0x58 contiki-x.ip5-cc13xx.a(packetbuf.o)
                0x00004f3c                packetbuf_hdralloc
 .text.packetbuf_hdrreduce
                0x00004f94       0x2c contiki-x.ip5-cc13xx.a(packetbuf.o)
                0x00004f94                packetbuf_hdrreduce
 .text.packetbuf_set_datalen
                0x00004fc0        0xc contiki-x.ip5-cc13xx.a(packetbuf.o)
                0x00004fc0                packetbuf_set_datalen
 .text.packetbuf_dataptr
                0x00004fcc       0x20 contiki-x.ip5-cc13xx.a(packetbuf.o)
                0x00004fcc                packetbuf_dataptr
 .text.packetbuf_hdrptr
                0x00004fec        0x8 contiki-x.ip5-cc13xx.a(packetbuf.o)
                0x00004fec                packetbuf_hdrptr
 .text.packetbuf_datalen
                0x00004ff4        0xc contiki-x.ip5-cc13xx.a(packetbuf.o)
                0x00004ff4                packetbuf_datalen
 .text.packetbuf_totlen
                0x00005000       0x24 contiki-x.ip5-cc13xx.a(packetbuf.o)
                0x00005000                packetbuf_totlen
 .text.packetbuf_attr_clear
                0x00005024       0x30 contiki-x.ip5-cc13xx.a(packetbuf.o)
                0x00005024                packetbuf_attr_clear
 .text.packetbuf_clear
                0x00005054       0x20 contiki-x.ip5-cc13xx.a(packetbuf.o)
                0x00005054                packetbuf_clear
 .text.packetbuf_copyfrom
                0x00005074       0x40 contiki-x.ip5-cc13xx.a(packetbuf.o)
                0x00005074                packetbuf_copyfrom
 .text.packetbuf_attr_copyto
                0x000050b4       0x3c contiki-x.ip5-cc13xx.a(packetbuf.o)
                0x000050b4                packetbuf_attr_copyto
 .text.packetbuf_attr_copyfrom
                0x000050f0       0x3c contiki-x.ip5-cc13xx.a(packetbuf.o)
                0x000050f0                packetbuf_attr_copyfrom
 .text.packetbuf_set_attr
                0x0000512c       0x10 contiki-x.ip5-cc13xx.a(packetbuf.o)
                0x0000512c                packetbuf_set_attr
 .text.packetbuf_attr
                0x0000513c        0xc contiki-x.ip5-cc13xx.a(packetbuf.o)
                0x0000513c                packetbuf_attr
 .text.packetbuf_set_addr
                0x00005148       0x18 contiki-x.ip5-cc13xx.a(packetbuf.o)
                0x00005148                packetbuf_set_addr
 .text.packetbuf_addr
                0x00005160       0x10 contiki-x.ip5-cc13xx.a(packetbuf.o)
                0x00005160                packetbuf_addr
 .text.packetbuf_holds_broadcast
                0x00005170       0x10 contiki-x.ip5-cc13xx.a(packetbuf.o)
                0x00005170                packetbuf_holds_broadcast
 .text.queuebuf_init
                0x00005180       0x1c contiki-x.ip5-cc13xx.a(queuebuf.o)
                0x00005180                queuebuf_init
 .text.queuebuf_new_from_packetbuf
                0x0000519c       0x48 contiki-x.ip5-cc13xx.a(queuebuf.o)
                0x0000519c                queuebuf_new_from_packetbuf
 .text.queuebuf_update_attr_from_packetbuf
                0x000051e4        0xc contiki-x.ip5-cc13xx.a(queuebuf.o)
                0x000051e4                queuebuf_update_attr_from_packetbuf
 .text.queuebuf_update_from_packetbuf
                0x000051f0       0x1c contiki-x.ip5-cc13xx.a(queuebuf.o)
                0x000051f0                queuebuf_update_from_packetbuf
 .text.queuebuf_free
                0x0000520c       0x2c contiki-x.ip5-cc13xx.a(queuebuf.o)
                0x0000520c                queuebuf_free
 .text.queuebuf_to_packetbuf
                0x00005238       0x30 contiki-x.ip5-cc13xx.a(queuebuf.o)
                0x00005238                queuebuf_to_packetbuf
 .text.queuebuf_attr
                0x00005268        0xc contiki-x.ip5-cc13xx.a(queuebuf.o)
                0x00005268                queuebuf_attr
 .text.input_packet
                0x00005274        0xc contiki-x.ip5-cc13xx.a(csma.o)
 .text.on       0x00005280        0xc contiki-x.ip5-cc13xx.a(csma.o)
 .text.off      0x0000528c        0xc contiki-x.ip5-cc13xx.a(csma.o)
 .text.channel_check_interval
                0x00005298       0x10 contiki-x.ip5-cc13xx.a(csma.o)
 .text.transmit_packet_list
                0x000052a8       0x34 contiki-x.ip5-cc13xx.a(csma.o)
 .text.schedule_transmission
                0x000052dc       0x58 contiki-x.ip5-cc13xx.a(csma.o)
 .text.send_packet
                0x00005334      0x164 contiki-x.ip5-cc13xx.a(csma.o)
 .text.init     0x00005498       0x24 contiki-x.ip5-cc13xx.a(csma.o)
 .text.tx_done  0x000054bc       0x94 contiki-x.ip5-cc13xx.a(csma.o)
 .text.packet_sent
                0x00005550       0xe8 contiki-x.ip5-cc13xx.a(csma.o)
 .text.mac_call_sent_callback
                0x00005638       0x10 contiki-x.ip5-cc13xx.a(mac.o)
                0x00005638                mac_call_sent_callback
 .text.duty_cycle
                0x00005648        0x4 contiki-x.ip5-cc13xx.a(contikimac.o)
 .text.init     0x0000564c       0x40 contiki-x.ip5-cc13xx.a(contikimac.o)
 .text.on       0x0000568c       0x2c contiki-x.ip5-cc13xx.a(contikimac.o)
 .text.off      0x000056b8       0x38 contiki-x.ip5-cc13xx.a(contikimac.o)
 .text.recv_burst_off
                0x000056f0       0x14 contiki-x.ip5-cc13xx.a(contikimac.o)
 .text.input_packet
                0x00005704      0x124 contiki-x.ip5-cc13xx.a(contikimac.o)
 .text.powercycle_turn_radio_off.part.2
                0x00005828       0x10 contiki-x.ip5-cc13xx.a(contikimac.o)
 .text.turn_off
                0x00005838       0x48 contiki-x.ip5-cc13xx.a(contikimac.o)
 .text.turn_on  0x00005880       0x40 contiki-x.ip5-cc13xx.a(contikimac.o)
 .text.schedule_powercycle_fixed.part.5
                0x000058c0       0x2c contiki-x.ip5-cc13xx.a(contikimac.o)
 .text.send_packet.isra.7
                0x000058ec      0x22c contiki-x.ip5-cc13xx.a(contikimac.o)
 .text.qsend_list
                0x00005b18       0xec contiki-x.ip5-cc13xx.a(contikimac.o)
 .text.qsend_packet
                0x00005c04       0x24 contiki-x.ip5-cc13xx.a(contikimac.o)
 .text.powercycle_wrapper
                0x00005c28      0x238 contiki-x.ip5-cc13xx.a(contikimac.o)
 .text.init     0x00005e60        0x4 contiki-x.ip5-cc13xx.a(nullsec.o)
 .text.input    0x00005e64        0xc contiki-x.ip5-cc13xx.a(nullsec.o)
 .text.send     0x00005e70       0x20 contiki-x.ip5-cc13xx.a(nullsec.o)
 .text.memb_init
                0x00005e90       0x24 contiki-x.ip5-cc13xx.a(memb.o)
                0x00005e90                memb_init
 .text.memb_alloc
                0x00005eb4       0x3c contiki-x.ip5-cc13xx.a(memb.o)
                0x00005eb4                memb_alloc
 .text.memb_free
                0x00005ef0       0x44 contiki-x.ip5-cc13xx.a(memb.o)
                0x00005ef0                memb_free
 .text.memb_inmemb
                0x00005f34       0x1c contiki-x.ip5-cc13xx.a(memb.o)
                0x00005f34                memb_inmemb
 .text.abc_open
                0x00005f50       0x20 contiki-x.ip5-cc13xx.a(abc.o)
                0x00005f50                abc_open
 .text.abc_close
                0x00005f70        0x4 contiki-x.ip5-cc13xx.a(abc.o)
                0x00005f70                abc_close
 .text.abc_send
                0x00005f74        0x4 contiki-x.ip5-cc13xx.a(abc.o)
                0x00005f74                abc_send
 .text.abc_input
                0x00005f78        0xc contiki-x.ip5-cc13xx.a(abc.o)
                0x00005f78                abc_input
 .text.abc_sent
                0x00005f84        0xc contiki-x.ip5-cc13xx.a(abc.o)
                0x00005f84                abc_sent
 .text.announcement_init
                0x00005f90        0xc contiki-x.ip5-cc13xx.a(announcement.o)
                0x00005f90                announcement_init
 .text.announcement_register_observer_callback
                0x00005f9c        0xc contiki-x.ip5-cc13xx.a(announcement.o)
                0x00005f9c                announcement_register_observer_callback
 .text.announcement_list
                0x00005fa8        0xc contiki-x.ip5-cc13xx.a(announcement.o)
                0x00005fa8                announcement_list
 .text.announcement_heard
                0x00005fb4       0x3c contiki-x.ip5-cc13xx.a(announcement.o)
                0x00005fb4                announcement_heard
 .text.adv_packet_sent
                0x00005ff0        0x4 contiki-x.ip5-cc13xx.a(broadcast-annou)
 .text.set_timers
                0x00005ff4       0x3c contiki-x.ip5-cc13xx.a(broadcast-annou)
 .text.send_timer
                0x00006030       0x18 contiki-x.ip5-cc13xx.a(broadcast-annou)
 .text.send_adv
                0x00006048       0x58 contiki-x.ip5-cc13xx.a(broadcast-annou)
 .text.adv_packet_received
                0x000060a0       0x48 contiki-x.ip5-cc13xx.a(broadcast-annou)
 .text.new_announcement
                0x000060e8       0x18 contiki-x.ip5-cc13xx.a(broadcast-annou)
 .text.broadcast_announcement_init
                0x00006100       0x30 contiki-x.ip5-cc13xx.a(broadcast-annou)
                0x00006100                broadcast_announcement_init
 .text.chameleon_init
                0x00006130        0x4 contiki-x.ip5-cc13xx.a(chameleon.o)
                0x00006130                chameleon_init
 .text.chameleon_parse
                0x00006134       0x1c contiki-x.ip5-cc13xx.a(chameleon.o)
                0x00006134                chameleon_parse
 .text.chameleon_create
                0x00006150       0x20 contiki-x.ip5-cc13xx.a(chameleon.o)
                0x00006150                chameleon_create
 .text.chameleon_hdrsize
                0x00006170        0xc contiki-x.ip5-cc13xx.a(chameleon.o)
                0x00006170                chameleon_hdrsize
 .text.NOROM_AONBatMonTemperatureGetDegC
                0x0000617c       0x30 contiki-x.ip5-cc13xx.a(aon_batmon.o)
                0x0000617c                NOROM_AONBatMonTemperatureGetDegC
 .text.NOROM_DDI32RegWrite
                0x000061ac       0x34 contiki-x.ip5-cc13xx.a(ddi.o)
                0x000061ac                NOROM_DDI32RegWrite
 .text.frame802154_get_pan_id
                0x000061e0        0xc contiki-x.ip5-cc13xx.a(frame802154.o)
                0x000061e0                frame802154_get_pan_id
 .text.frame802154_has_panid
                0x000061ec       0xb8 contiki-x.ip5-cc13xx.a(frame802154.o)
                0x000061ec                frame802154_has_panid
 .text.field_len
                0x000062a4       0x9c contiki-x.ip5-cc13xx.a(frame802154.o)
 .text.frame802154_is_broadcast_addr
                0x00006340       0x20 contiki-x.ip5-cc13xx.a(frame802154.o)
                0x00006340                frame802154_is_broadcast_addr
 .text.frame802154_hdrlen
                0x00006360       0x34 contiki-x.ip5-cc13xx.a(frame802154.o)
                0x00006360                frame802154_hdrlen
 .text.frame802154_create_fcf
                0x00006394       0x64 contiki-x.ip5-cc13xx.a(frame802154.o)
                0x00006394                frame802154_create_fcf
 .text.frame802154_create
                0x000063f8       0xb8 contiki-x.ip5-cc13xx.a(frame802154.o)
                0x000063f8                frame802154_create
 .text.frame802154_parse_fcf
                0x000064b0       0x4c contiki-x.ip5-cc13xx.a(frame802154.o)
                0x000064b0                frame802154_parse_fcf
 .text.frame802154_parse
                0x000064fc      0x134 contiki-x.ip5-cc13xx.a(frame802154.o)
                0x000064fc                frame802154_parse
 .text.parse    0x00006630       0xa4 contiki-x.ip5-cc13xx.a(framer-802154.o)
 .text.create_frame.isra.0
                0x000066d4      0x140 contiki-x.ip5-cc13xx.a(framer-802154.o)
 .text.create   0x00006814        0x8 contiki-x.ip5-cc13xx.a(framer-802154.o)
 .text.hdr_length
                0x0000681c        0x8 contiki-x.ip5-cc13xx.a(framer-802154.o)
 .text.mac_sequence_is_duplicate
                0x00006824       0x50 contiki-x.ip5-cc13xx.a(mac-sequence.o)
                0x00006824                mac_sequence_is_duplicate
 .text.mac_sequence_register_seqno
                0x00006874       0x6c contiki-x.ip5-cc13xx.a(mac-sequence.o)
                0x00006874                mac_sequence_register_seqno
 .text.header_size
                0x000068e0       0x1c contiki-x.ip5-cc13xx.a(chameleon-bitop)
 .text.get_bits
                0x000068fc       0xa8 contiki-x.ip5-cc13xx.a(chameleon-bitop)
                0x000068fc                get_bits
 .text.unpack_header
                0x000069a4       0xb8 contiki-x.ip5-cc13xx.a(chameleon-bitop)
 .text.set_bits
                0x00006a5c       0xcc contiki-x.ip5-cc13xx.a(chameleon-bitop)
                0x00006a5c                set_bits
 .text.pack_header
                0x00006b28       0xa8 contiki-x.ip5-cc13xx.a(chameleon-bitop)
 .text          0x00006bd0       0x30 /usr/bin/../lib/gcc/arm-none-eabi/4.9.3/armv7-m/libgcc.a(_aeabi_uldivmod.o)
                0x00006bd0                __aeabi_uldivmod
 .text          0x00006c00       0x60 /usr/bin/../lib/gcc/arm-none-eabi/4.9.3/armv7-m/libgcc.a(bpabi.o)
                0x00006c00                __gnu_ldivmod_helper
                0x00006c30                __gnu_uldivmod_helper
 .text          0x00006c60        0x4 /usr/bin/../lib/gcc/arm-none-eabi/4.9.3/armv7-m/libgcc.a(_dvmd_tls.o)
                0x00006c60                __aeabi_ldiv0
                0x00006c60                __aeabi_idiv0
 .text          0x00006c64      0x2ac /usr/bin/../lib/gcc/arm-none-eabi/4.9.3/armv7-m/libgcc.a(_divdi3.o)
                0x00006c64                __divdi3
 .text          0x00006f10      0x270 /usr/bin/../lib/gcc/arm-none-eabi/4.9.3/armv7-m/libgcc.a(_udivdi3.o)
                0x00006f10                __udivdi3
 .text.memcmp   0x00007180       0x64 /usr/bin/../lib/gcc/arm-none-eabi/4.9.3/../../../../arm-none-eabi/lib/armv7-m/libc.a(lib_a-memcmp.o)
                0x00007180                memcmp
 .text          0x000071e4       0xec /usr/bin/../lib/gcc/arm-none-eabi/4.9.3/../../../../arm-none-eabi/lib/armv7-m/libc.a(lib_a-memcpy.o)
                0x000071e4                memcpy
 .text.memset   0x000072d0       0x9c /usr/bin/../lib/gcc/arm-none-eabi/4.9.3/../../../../arm-none-eabi/lib/armv7-m/libc.a(lib_a-memset.o)
                0x000072d0                memset
 .text          0x0000736c      0x1bc /usr/bin/../lib/gcc/arm-none-eabi/4.9.3/../../../../arm-none-eabi/lib/armv7-m/libc.a(lib_a-strcmp.o)
                0x0000736c                strcmp
 .text.strcpy   0x00007528       0xbc /usr/bin/../lib/gcc/arm-none-eabi/4.9.3/../../../../arm-none-eabi/lib/armv7-m/libc.a(lib_a-strcpy.o)
                0x00007528                strcpy
 .text.strlen   0x000075e4       0x5c /usr/bin/../lib/gcc/arm-none-eabi/4.9.3/../../../../arm-none-eabi/lib/armv7-m/libc.a(lib_a-strlen.o)
                0x000075e4                strlen
 *(SORT(.rodata*))
 .rodata.autostart_processes
                0x00007640        0x8 gw-cen.co
                0x00007640                autostart_processes
 .rodata.str1.4
                0x00007648       0xae gw-cen.co
 *fill*         0x000076f6        0x2 00000000
 .rodata.broadcast_call
                0x000076f8        0x8 gw-cen.co
 .rodata.str1.4
                0x00007700       0xf6 contiki-x.ip5-cc13xx.a(contiki-main.o)
 *fill*         0x000077f6        0x2 00000000
 .rodata.str1.4
                0x000077f8        0x8 contiki-x.ip5-cc13xx.a(sensors.o)
 .rodata.button_down_sensor
                0x00007800       0x10 contiki-x.ip5-cc13xx.a(button-sensor.o)
                0x00007800                button_down_sensor
 .rodata.str1.4
                0x00007810        0x7 contiki-x.ip5-cc13xx.a(button-sensor.o)
 *fill*         0x00007817        0x1 00000000
 .rodata.button_left_sensor
                0x00007818       0x10 contiki-x.ip5-cc13xx.a(button-sensor.o)
                0x00007818                button_left_sensor
 .rodata.button_select_sensor
                0x00007828       0x10 contiki-x.ip5-cc13xx.a(button-sensor.o)
                0x00007828                button_select_sensor
 .rodata.button_right_sensor
                0x00007838       0x10 contiki-x.ip5-cc13xx.a(button-sensor.o)
                0x00007838                button_right_sensor
 .rodata.button_up_sensor
                0x00007848       0x10 contiki-x.ip5-cc13xx.a(button-sensor.o)
                0x00007848                button_up_sensor
 .rodata.als_sensor
                0x00007858       0x10 contiki-x.ip5-cc13xx.a(als-sensor.o)
                0x00007858                als_sensor
 .rodata.str1.4
                0x00007868        0x4 contiki-x.ip5-cc13xx.a(als-sensor.o)
 .rodata.mode_prop
                0x0000786c        0x8 contiki-x.ip5-cc13xx.a(prop-mode.o)
 .rodata.prop_mode_driver
                0x00007874       0x38 contiki-x.ip5-cc13xx.a(prop-mode.o)
                0x00007874                prop_mode_driver
 .rodata.patchGenfskRfe
                0x000078ac      0x6b4 contiki-x.ip5-cc13xx.a(prop-mode.o)
 .rodata.patchImageGenfsk
                0x00007f60      0x28c contiki-x.ip5-cc13xx.a(prop-mode.o)
 .rodata.prop_mode_tx_power_779_930
                0x000081ec       0x88 contiki-x.ip5-cc13xx.a(prop-mode-tx-po)
                0x000081ec                prop_mode_tx_power_779_930
 .rodata.str1.4
                0x00008274       0x46 contiki-x.ip5-cc13xx.a(rf-core.o)
 *fill*         0x000082ba        0x2 00000000
 .rodata.str1.4
                0x000082bc       0x1b contiki-x.ip5-cc13xx.a(soc-trng.o)
 *fill*         0x000082d7        0x1 00000000
 .rodata.str1.4
                0x000082d8       0x46 contiki-x.ip5-cc13xx.a(strformat.o)
 *fill*         0x0000831e        0x2 00000000
 .rodata.buffer.4019
                0x00008320       0x10 contiki-x.ip5-cc13xx.a(strformat.o)
 .rodata.buffer.4028
                0x00008330       0x10 contiki-x.ip5-cc13xx.a(strformat.o)
 .rodata.str1.4
                0x00008340        0xf contiki-x.ip5-cc13xx.a(ctimer.o)
 *fill*         0x0000834f        0x1 00000000
 .rodata.str1.4
                0x00008350        0xc contiki-x.ip5-cc13xx.a(etimer.o)
 .rodata.str1.4
                0x0000835c        0xe contiki-x.ip5-cc13xx.a(serial-line.o)
 *fill*         0x0000836a        0x2 00000000
 .rodata.attributes
                0x0000836c        0x4 contiki-x.ip5-cc13xx.a(broadcast.o)
 .rodata.broadcast
                0x00008370        0x8 contiki-x.ip5-cc13xx.a(broadcast.o)
 .rodata.str1.4
                0x00008378        0x5 contiki-x.ip5-cc13xx.a(rime.o)
 *fill*         0x0000837d        0x3 00000000
 .rodata.rime_driver
                0x00008380        0xc contiki-x.ip5-cc13xx.a(rime.o)
                0x00008380                rime_driver
 .rodata.linkaddr_null
                0x0000838c        0x2 contiki-x.ip5-cc13xx.a(linkaddr.o)
                0x0000838c                linkaddr_null
 *fill*         0x0000838e        0x2 00000000
 .rodata.str1.4
                0x00008390        0x5 contiki-x.ip5-cc13xx.a(csma.o)
 *fill*         0x00008395        0x3 00000000
 .rodata.csma_driver
                0x00008398       0x1c contiki-x.ip5-cc13xx.a(csma.o)
                0x00008398                csma_driver
 .rodata.str1.4
                0x000083b4        0xb contiki-x.ip5-cc13xx.a(contikimac.o)
 *fill*         0x000083bf        0x1 00000000
 .rodata.contikimac_driver
                0x000083c0       0x20 contiki-x.ip5-cc13xx.a(contikimac.o)
                0x000083c0                contikimac_driver
 .rodata.str1.4
                0x000083e0        0x8 contiki-x.ip5-cc13xx.a(nullsec.o)
 .rodata.nullsec_driver
                0x000083e8       0x10 contiki-x.ip5-cc13xx.a(nullsec.o)
                0x000083e8                nullsec_driver
 .rodata.attributes
                0x000083f8        0x2 contiki-x.ip5-cc13xx.a(abc.o)
 *fill*         0x000083fa        0x2 00000000
 .rodata.broadcast_callbacks
                0x000083fc        0x8 contiki-x.ip5-cc13xx.a(broadcast-annou)
 .rodata.framer_802154
                0x00008404        0xc contiki-x.ip5-cc13xx.a(framer-802154.o)
                0x00008404                framer_802154
 .rodata.chameleon_bitopt
                0x00008410        0xc contiki-x.ip5-cc13xx.a(chameleon-bitop)
                0x00008410                chameleon_bitopt
 .rodata.bitmask
                0x0000841c        0x9 contiki-x.ip5-cc13xx.a(chameleon-bitop)
                0x00008425                _etext = .

.glue_7         0x00008428        0x0
 .glue_7        0x00000000        0x0 linker stubs

.glue_7t        0x00008428        0x0
 .glue_7t       0x00000000        0x0 linker stubs

.vfp11_veneer   0x00008428        0x0
 .vfp11_veneer  0x00000000        0x0 linker stubs

.v4_bx          0x00008428        0x0
 .v4_bx         0x00000000        0x0 linker stubs

.iplt           0x00008428        0x0
 .iplt          0x00000000        0x0 obj_x.ip5-cc13xx/startup_gcc.o

.data           0x20000000      0x220 load address 0x00008425
                0x20000000                _data = .
 *(SORT(vtable))
 *(SORT(.data*))
 .data.example_broadcast_process
                0x20000000       0x10 gw-cen.co
                0x20000000                example_broadcast_process
 .data.sensors_process
                0x20000010       0x10 contiki-x.ip5-cc13xx.a(sensors.o)
                0x20000010                sensors_process
 .data.sensors  0x20000020       0x1c contiki-x.ip5-cc13xx.a(srf06-sensors.o)
                0x20000020                sensors
 .data.srf_module
                0x2000003c       0x14 contiki-x.ip5-cc13xx.a(board.o)
 .data.als_aux  0x20000050        0x8 contiki-x.ip5-cc13xx.a(als-sensor.o)
 .data.prop_lpm_module
                0x20000058       0x14 contiki-x.ip5-cc13xx.a(prop-mode.o)
 .data.tx_power_current
                0x2000006c        0x4 contiki-x.ip5-cc13xx.a(prop-mode.o)
                0x2000006c                tx_power_current
 .data.uart_module
                0x20000070       0x14 contiki-x.ip5-cc13xx.a(cc26xx-uart.o)
 .data.rf_core_process
                0x20000084       0x10 contiki-x.ip5-cc13xx.a(rf-core.o)
                0x20000084                rf_core_process
 .data.rng_module
                0x20000094       0x14 contiki-x.ip5-cc13xx.a(soc-trng.o)
 .data.soc_trng_process
                0x200000a8       0x10 contiki-x.ip5-cc13xx.a(soc-trng.o)
                0x200000a8                soc_trng_process
 .data.ctxt     0x200000b8        0x8 contiki-x.ip5-cc13xx.a(dbg-printf.o)
 .data.ctimer_process
                0x200000c0       0x10 contiki-x.ip5-cc13xx.a(ctimer.o)
                0x200000c0                ctimer_process
 .data.etimer_process
                0x200000d0       0x10 contiki-x.ip5-cc13xx.a(etimer.o)
                0x200000d0                etimer_process
 .data.serial_line_process
                0x200000e0       0x10 contiki-x.ip5-cc13xx.a(serial-line.o)
                0x200000e0                serial_line_process
 .data.bufmem   0x200000f0        0xc contiki-x.ip5-cc13xx.a(queuebuf.o)
 .data.buframmem
                0x200000fc        0xc contiki-x.ip5-cc13xx.a(queuebuf.o)
 .data.metadata_memb
                0x20000108        0xc contiki-x.ip5-cc13xx.a(csma.o)
 .data.neighbor_memb
                0x20000114        0xc contiki-x.ip5-cc13xx.a(csma.o)
 .data.packet_memb
                0x20000120        0xc contiki-x.ip5-cc13xx.a(csma.o)
 .data.smartrf_settings_cmd_prop_rx_adv
                0x2000012c       0x30 contiki-x.ip5-cc13xx.a(smartrf-setting)
                0x2000012c                smartrf_settings_cmd_prop_rx_adv
 .data.smartrf_settings_cmd_fs
                0x2000015c       0x18 contiki-x.ip5-cc13xx.a(smartrf-setting)
                0x2000015c                smartrf_settings_cmd_fs
 .data.smartrf_settings_cmd_prop_radio_div_setup
                0x20000174       0x28 contiki-x.ip5-cc13xx.a(smartrf-setting)
                0x20000174                smartrf_settings_cmd_prop_radio_div_setup
 .data.smartrf_settings_cmd_prop_tx_adv
                0x2000019c       0x20 contiki-x.ip5-cc13xx.a(smartrf-setting)
                0x2000019c                smartrf_settings_cmd_prop_tx_adv
 .data.overrides
                0x200001bc       0x60 contiki-x.ip5-cc13xx.a(smartrf-setting)
 .data.mac_pan_id
                0x2000021c        0x2 contiki-x.ip5-cc13xx.a(frame802154.o)
 .data.rssi_threshold
                0x2000021e        0x1 contiki-x.ip5-cc13xx.a(prop-mode.o)
 .data.rng_ready_event
                0x2000021f        0x1 contiki-x.ip5-cc13xx.a(soc-trng.o)
                0x20000220                _edata = .

.igot.plt       0x20000220        0x0 load address 0x00008645
 .igot.plt      0x00000000        0x0 obj_x.ip5-cc13xx/startup_gcc.o

.ARM.exidx      0x00008648        0x8
 *(SORT(.ARM.exidx*))
 .ARM.exidx     0x00008648        0x8 /usr/bin/../lib/gcc/arm-none-eabi/4.9.3/armv7-m/libgcc.a(_divdi3.o)
 .ARM.exidx     0x00008650        0x0 /usr/bin/../lib/gcc/arm-none-eabi/4.9.3/armv7-m/libgcc.a(_udivdi3.o)
                                  0x8 (size before relaxing)

.bss            0x20000220     0x1072
                0x20000220                _bss = .
 *(SORT(.bss*))
 .bss.count     0x20000220        0x8 contiki-x.ip5-cc13xx.a(clock.o)
 .bss.rands_cache
                0x20000228       0x20 contiki-x.ip5-cc13xx.a(soc-trng.o)
 .bss.broadcast
                0x20000248       0x18 gw-cen.co
 .bss.command.6939
                0x20000260        0x4 gw-cen.co
 .bss.et.6938   0x20000264       0x10 gw-cen.co
 .bss.events.4848
                0x20000274        0x4 contiki-x.ip5-cc13xx.a(sensors.o)
 .bss.i.4847    0x20000278        0x4 contiki-x.ip5-cc13xx.a(sensors.o)
 .bss.inited    0x2000027c        0x4 contiki-x.ip5-cc13xx.a(leds-arch.o)
 .bss.rx_stats  0x20000280        0xc contiki-x.ip5-cc13xx.a(prop-mode.o)
 .bss.rx_data_queue
                0x2000028c        0x8 contiki-x.ip5-cc13xx.a(prop-mode.o)
 .bss.rx_read_entry
                0x20000294        0x4 contiki-x.ip5-cc13xx.a(prop-mode.o)
 .bss.tx_buf    0x20000298       0xb6 contiki-x.ip5-cc13xx.a(prop-mode.o)
 *fill*         0x2000034e        0x2 
 .bss.rx_buf    0x20000350      0x230 contiki-x.ip5-cc13xx.a(prop-mode.o)
 .bss.last_isr_time
                0x20000580        0x4 contiki-x.ip5-cc13xx.a(soc-rtc.o)
 .bss.consumers_list_list
                0x20000584        0x4 contiki-x.ip5-cc13xx.a(aux-ctrl.o)
 .bss.input_handler
                0x20000588        0x4 contiki-x.ip5-cc13xx.a(cc26xx-uart.o)
 .bss.modules_list_list
                0x2000058c        0x4 contiki-x.ip5-cc13xx.a(lpm.o)
 .bss.handlers  0x20000590       0x80 contiki-x.ip5-cc13xx.a(gpio-interrupt.)
 .bss.last_radio_op
                0x20000610        0x4 contiki-x.ip5-cc13xx.a(rf-core.o)
 .bss.primary_mode
                0x20000614        0x4 contiki-x.ip5-cc13xx.a(rf-core.o)
 .bss.rat_offset
                0x20000618        0x4 contiki-x.ip5-cc13xx.a(rf-core.o)
                0x20000618                rat_offset
 .bss.notify_cb
                0x2000061c        0x4 contiki-x.ip5-cc13xx.a(soc-trng.o)
 .bss.rands_mask
                0x20000620        0x4 contiki-x.ip5-cc13xx.a(soc-trng.o)
 .bss.ctimer_list_list
                0x20000624        0x4 contiki-x.ip5-cc13xx.a(ctimer.o)
 .bss.timerlist
                0x20000628        0x4 contiki-x.ip5-cc13xx.a(etimer.o)
 .bss.next_expiration
                0x2000062c        0x4 contiki-x.ip5-cc13xx.a(etimer.o)
 .bss.process_current
                0x20000630        0x4 contiki-x.ip5-cc13xx.a(process.o)
                0x20000630                process_current
 .bss.process_list
                0x20000634        0x4 contiki-x.ip5-cc13xx.a(process.o)
                0x20000634                process_list
 .bss.events    0x20000638      0x180 contiki-x.ip5-cc13xx.a(process.o)
 .bss.next_rtimer
                0x200007b8        0x4 contiki-x.ip5-cc13xx.a(rtimer.o)
 .bss.rxbuf_data
                0x200007bc       0x80 contiki-x.ip5-cc13xx.a(serial-line.o)
 .bss.rxbuf     0x2000083c        0x8 contiki-x.ip5-cc13xx.a(serial-line.o)
 .bss.buf.4833  0x20000844       0x80 contiki-x.ip5-cc13xx.a(serial-line.o)
 .bss.ptr.4834  0x200008c4        0x4 contiki-x.ip5-cc13xx.a(serial-line.o)
 .bss.channel_list_list
                0x200008c8        0x4 contiki-x.ip5-cc13xx.a(channel.o)
 .bss.sniffers_list
                0x200008cc        0x4 contiki-x.ip5-cc13xx.a(rime.o)
 .bss.powerQualGlobals
                0x200008d0        0x8 contiki-x.ip5-cc13xx.a(sys_ctrl.o)
 .bss.packetbuf_aligned
                0x200008d8       0x80 contiki-x.ip5-cc13xx.a(packetbuf.o)
 .bss.buframmem_memb_count
                0x20000958        0x8 contiki-x.ip5-cc13xx.a(queuebuf.o)
 .bss.bufmem_memb_mem
                0x20000960       0x20 contiki-x.ip5-cc13xx.a(queuebuf.o)
 .bss.buframmem_memb_mem
                0x20000980      0x5f0 contiki-x.ip5-cc13xx.a(queuebuf.o)
 .bss.bufmem_memb_count
                0x20000f70        0x8 contiki-x.ip5-cc13xx.a(queuebuf.o)
 .bss.metadata_memb_memb_count
                0x20000f78        0x8 contiki-x.ip5-cc13xx.a(csma.o)
 .bss.packet_memb_memb_count
                0x20000f80        0x8 contiki-x.ip5-cc13xx.a(csma.o)
 .bss.metadata_memb_memb_mem
                0x20000f88       0x60 contiki-x.ip5-cc13xx.a(csma.o)
 .bss.neighbor_list_list
                0x20000fe8        0x4 contiki-x.ip5-cc13xx.a(csma.o)
 .bss.packet_memb_memb_mem
                0x20000fec       0x60 contiki-x.ip5-cc13xx.a(csma.o)
 .bss.neighbor_memb_memb_count
                0x2000104c        0x2 contiki-x.ip5-cc13xx.a(csma.o)
 *fill*         0x2000104e        0x2 
 .bss.neighbor_memb_memb_mem
                0x20001050       0x68 contiki-x.ip5-cc13xx.a(csma.o)
 .bss.cycle_start
                0x200010b8        0x4 contiki-x.ip5-cc13xx.a(contikimac.o)
 .bss.we_are_receiving_burst
                0x200010bc        0x4 contiki-x.ip5-cc13xx.a(contikimac.o)
 .bss.rt        0x200010c0        0xc contiki-x.ip5-cc13xx.a(contikimac.o)
 .bss.ct.7095   0x200010cc       0x20 contiki-x.ip5-cc13xx.a(contikimac.o)
 .bss.start.7020
                0x200010ec        0x4 contiki-x.ip5-cc13xx.a(contikimac.o)
 .bss.pt        0x200010f0        0x2 contiki-x.ip5-cc13xx.a(contikimac.o)
 *fill*         0x200010f2        0x2 
 .bss.announcements_list
                0x200010f4        0x4 contiki-x.ip5-cc13xx.a(announcement.o)
 .bss.observer_callback
                0x200010f8        0x4 contiki-x.ip5-cc13xx.a(announcement.o)
 .bss.c         0x200010fc       0x6c contiki-x.ip5-cc13xx.a(broadcast-annou)
 .bss.received_seqnos
                0x20001168       0xc0 contiki-x.ip5-cc13xx.a(mac-sequence.o)
 .bss.node_id   0x20001228        0x2 contiki-x.ip5-cc13xx.a(contiki-main.o)
                0x20001228                node_id
 .bss.buflen    0x2000122a        0x2 contiki-x.ip5-cc13xx.a(packetbuf.o)
 .bss.bufptr    0x2000122c        0x2 contiki-x.ip5-cc13xx.a(packetbuf.o)
 .bss.seqno.6295
                0x2000122e        0x2 contiki-x.ip5-cc13xx.a(csma.o)
 .bss.num_sensors
                0x20001230        0x1 contiki-x.ip5-cc13xx.a(sensors.o)
 .bss.leds      0x20001231        0x1 contiki-x.ip5-cc13xx.a(leds.o)
 .bss.c         0x20001232        0x1 contiki-x.ip5-cc13xx.a(leds-arch.o)
 .bss.rat_offset_known
                0x20001233        0x1 contiki-x.ip5-cc13xx.a(rf-core.o)
 .bss.ble_mode_on
                0x20001234        0x1 contiki-x.ip5-cc13xx.a(rf-ble.o)
 .bss.initialized
                0x20001235        0x1 contiki-x.ip5-cc13xx.a(ctimer.o)
 .bss.fevent    0x20001236        0x1 contiki-x.ip5-cc13xx.a(process.o)
 .bss.nevents   0x20001237        0x1 contiki-x.ip5-cc13xx.a(process.o)
 .bss.poll_requested
                0x20001238        0x1 contiki-x.ip5-cc13xx.a(process.o)
 .bss.lastevent
                0x20001239        0x1 contiki-x.ip5-cc13xx.a(process.o)
 .bss.overflow.4827
                0x2000123a        0x1 contiki-x.ip5-cc13xx.a(serial-line.o)
 .bss.hdrlen    0x2000123b        0x1 contiki-x.ip5-cc13xx.a(packetbuf.o)
 .bss.initialized.6294
                0x2000123c        0x1 contiki-x.ip5-cc13xx.a(csma.o)
 .bss.silence_periods.7021
                0x2000123d        0x1 contiki-x.ip5-cc13xx.a(contikimac.o)
 .bss.radio_is_on
                0x2000123e        0x1 contiki-x.ip5-cc13xx.a(contikimac.o)
 .bss.we_are_sending
                0x2000123f        0x1 contiki-x.ip5-cc13xx.a(contikimac.o)
 .bss.contikimac_keep_radio_on
                0x20001240        0x1 contiki-x.ip5-cc13xx.a(contikimac.o)
 .bss.packet_seen.7014
                0x20001241        0x1 contiki-x.ip5-cc13xx.a(contikimac.o)
 .bss.contikimac_is_on
                0x20001242        0x1 contiki-x.ip5-cc13xx.a(contikimac.o)
 .bss.count.7015
                0x20001243        0x1 contiki-x.ip5-cc13xx.a(contikimac.o)
 .bss.periods.7022
                0x20001244        0x1 contiki-x.ip5-cc13xx.a(contikimac.o)
 .bss.mac_dsn   0x20001245        0x1 contiki-x.ip5-cc13xx.a(framer-802154.o)
 .bss.initialized
                0x20001246        0x1 contiki-x.ip5-cc13xx.a(framer-802154.o)
 *(SORT(COMMON))
 *fill*         0x20001247        0x1 
 COMMON         0x20001248        0x7 contiki-x.ip5-cc13xx.a(srf06-sensors.o)
                0x20001248                sensors_flags
 *fill*         0x2000124f        0x1 
 COMMON         0x20001250        0x2 contiki-x.ip5-cc13xx.a(linkaddr.o)
                0x20001250                linkaddr_node_addr
 *fill*         0x20001252        0x2 
 COMMON         0x20001254       0x3c contiki-x.ip5-cc13xx.a(packetbuf.o)
                0x20001254                packetbuf_addrs
                0x2000125c                packetbuf_attrs
 COMMON         0x20001290        0x1 contiki-x.ip5-cc13xx.a(sensors.o)
                0x20001290                sensors_event
 COMMON         0x20001291        0x1 contiki-x.ip5-cc13xx.a(serial-line.o)
                0x20001291                serial_line_event_message
                0x20001292                _ebss = .

.ccfg           0x0001ffa8       0x58
 *(SORT(.ccfg))
 .ccfg          0x0001ffa8       0x58 obj_x.ip5-cc13xx/ccfg.o
                0x0001ffa8                __ccfg

.rel.dyn        0x00020000        0x0
 .rel.iplt      0x00000000        0x0 obj_x.ip5-cc13xx/startup_gcc.o

._user_heap_stack
                0x20001292      0x102
                0x20001294                . = ALIGN (0x4)
 *fill*         0x20001292        0x2 
                0x20001294                . = (. + _Min_Heap_Size)
                0x20001394                . = (. + _Min_Stack_Size)
 *fill*         0x20001294      0x100 
                0x20001394                . = ALIGN (0x4)

.gpram
OUTPUT(gw-cen.elf elf32-littlearm)

.comment        0x00000000       0x70
 .comment       0x00000000       0x70 obj_x.ip5-cc13xx/fault-handlers.o
                                 0x71 (size before relaxing)
 .comment       0x00000000       0x71 obj_x.ip5-cc13xx/ccfg.o
 .comment       0x00000000       0x71 obj_x.ip5-cc13xx/startup_gcc.o
 .comment       0x00000000       0x71 gw-cen.co
 .comment       0x00000000       0x71 contiki-x.ip5-cc13xx.a(contiki-main.o)
 .comment       0x00000000       0x71 contiki-x.ip5-cc13xx.a(sensors.o)
 .comment       0x00000000       0x71 contiki-x.ip5-cc13xx.a(leds.o)
 .comment       0x00000000       0x71 contiki-x.ip5-cc13xx.a(leds-arch.o)
 .comment       0x00000000       0x71 contiki-x.ip5-cc13xx.a(srf06-sensors.o)
 .comment       0x00000000       0x71 contiki-x.ip5-cc13xx.a(button-sensor.o)
 .comment       0x00000000       0x71 contiki-x.ip5-cc13xx.a(board.o)
 .comment       0x00000000       0x71 contiki-x.ip5-cc13xx.a(als-sensor.o)
 .comment       0x00000000       0x71 contiki-x.ip5-cc13xx.a(prop-mode.o)
 .comment       0x00000000       0x71 contiki-x.ip5-cc13xx.a(prop-mode-tx-po)
 .comment       0x00000000       0x71 contiki-x.ip5-cc13xx.a(clock.o)
 .comment       0x00000000       0x71 contiki-x.ip5-cc13xx.a(rtimer-arch.o)
 .comment       0x00000000       0x71 contiki-x.ip5-cc13xx.a(soc-rtc.o)
 .comment       0x00000000       0x71 contiki-x.ip5-cc13xx.a(contiki-watchdo)
 .comment       0x00000000       0x71 contiki-x.ip5-cc13xx.a(aux-ctrl.o)
 .comment       0x00000000       0x71 contiki-x.ip5-cc13xx.a(putchar.o)
 .comment       0x00000000       0x71 contiki-x.ip5-cc13xx.a(ieee-addr.o)
 .comment       0x00000000       0x71 contiki-x.ip5-cc13xx.a(cc26xx-uart.o)
 .comment       0x00000000       0x71 contiki-x.ip5-cc13xx.a(lpm.o)
 .comment       0x00000000       0x71 contiki-x.ip5-cc13xx.a(gpio-interrupt.)
 .comment       0x00000000       0x71 contiki-x.ip5-cc13xx.a(oscillators.o)
 .comment       0x00000000       0x71 contiki-x.ip5-cc13xx.a(rf-core.o)
 .comment       0x00000000       0x71 contiki-x.ip5-cc13xx.a(rf-ble.o)
 .comment       0x00000000       0x71 contiki-x.ip5-cc13xx.a(random.o)
 .comment       0x00000000       0x71 contiki-x.ip5-cc13xx.a(soc-trng.o)
 .comment       0x00000000       0x71 contiki-x.ip5-cc13xx.a(dbg-printf.o)
 .comment       0x00000000       0x71 contiki-x.ip5-cc13xx.a(strformat.o)
 .comment       0x00000000       0x71 contiki-x.ip5-cc13xx.a(autostart.o)
 .comment       0x00000000       0x71 contiki-x.ip5-cc13xx.a(ctimer.o)
 .comment       0x00000000       0x71 contiki-x.ip5-cc13xx.a(energest.o)
 .comment       0x00000000       0x71 contiki-x.ip5-cc13xx.a(etimer.o)
 .comment       0x00000000       0x71 contiki-x.ip5-cc13xx.a(process.o)
 .comment       0x00000000       0x71 contiki-x.ip5-cc13xx.a(rtimer.o)
 .comment       0x00000000       0x71 contiki-x.ip5-cc13xx.a(timer.o)
 .comment       0x00000000       0x71 contiki-x.ip5-cc13xx.a(serial-line.o)
 .comment       0x00000000       0x71 contiki-x.ip5-cc13xx.a(list.o)
 .comment       0x00000000       0x71 contiki-x.ip5-cc13xx.a(ringbuf.o)
 .comment       0x00000000       0x71 contiki-x.ip5-cc13xx.a(broadcast.o)
 .comment       0x00000000       0x71 contiki-x.ip5-cc13xx.a(channel.o)
 .comment       0x00000000       0x71 contiki-x.ip5-cc13xx.a(rime.o)
 .comment       0x00000000       0x71 contiki-x.ip5-cc13xx.a(adi.o)
 .comment       0x00000000       0x71 contiki-x.ip5-cc13xx.a(aon_rtc.o)
 .comment       0x00000000       0x71 contiki-x.ip5-cc13xx.a(aux_adc.o)
 .comment       0x00000000       0x71 contiki-x.ip5-cc13xx.a(chipinfo.o)
 .comment       0x00000000       0x71 contiki-x.ip5-cc13xx.a(cpu.o)
 .comment       0x00000000       0x71 contiki-x.ip5-cc13xx.a(osc.o)
 .comment       0x00000000       0x71 contiki-x.ip5-cc13xx.a(pwr_ctrl.o)
 .comment       0x00000000       0x71 contiki-x.ip5-cc13xx.a(rfc.o)
 .comment       0x00000000       0x71 contiki-x.ip5-cc13xx.a(setup.o)
 .comment       0x00000000       0x71 contiki-x.ip5-cc13xx.a(setup_rom.o)
 .comment       0x00000000       0x71 contiki-x.ip5-cc13xx.a(sys_ctrl.o)
 .comment       0x00000000       0x71 contiki-x.ip5-cc13xx.a(trng.o)
 .comment       0x00000000       0x71 contiki-x.ip5-cc13xx.a(linkaddr.o)
 .comment       0x00000000       0x71 contiki-x.ip5-cc13xx.a(netstack.o)
 .comment       0x00000000       0x71 contiki-x.ip5-cc13xx.a(packetbuf.o)
 .comment       0x00000000       0x71 contiki-x.ip5-cc13xx.a(queuebuf.o)
 .comment       0x00000000       0x71 contiki-x.ip5-cc13xx.a(csma.o)
 .comment       0x00000000       0x71 contiki-x.ip5-cc13xx.a(mac.o)
 .comment       0x00000000       0x71 contiki-x.ip5-cc13xx.a(contikimac.o)
 .comment       0x00000000       0x71 contiki-x.ip5-cc13xx.a(nullsec.o)
 .comment       0x00000000       0x71 contiki-x.ip5-cc13xx.a(smartrf-setting)
 .comment       0x00000000       0x71 contiki-x.ip5-cc13xx.a(memb.o)
 .comment       0x00000000       0x71 contiki-x.ip5-cc13xx.a(abc.o)
 .comment       0x00000000       0x71 contiki-x.ip5-cc13xx.a(announcement.o)
 .comment       0x00000000       0x71 contiki-x.ip5-cc13xx.a(broadcast-annou)
 .comment       0x00000000       0x71 contiki-x.ip5-cc13xx.a(chameleon.o)
 .comment       0x00000000       0x71 contiki-x.ip5-cc13xx.a(aon_batmon.o)
 .comment       0x00000000       0x71 contiki-x.ip5-cc13xx.a(ddi.o)
 .comment       0x00000000       0x71 contiki-x.ip5-cc13xx.a(frame802154.o)
 .comment       0x00000000       0x71 contiki-x.ip5-cc13xx.a(framer-802154.o)
 .comment       0x00000000       0x71 contiki-x.ip5-cc13xx.a(mac-sequence.o)
 .comment       0x00000000       0x71 contiki-x.ip5-cc13xx.a(chameleon-bitop)

.ARM.attributes
                0x00000000       0x31
 .ARM.attributes
                0x00000000       0x33 obj_x.ip5-cc13xx/fault-handlers.o
 .ARM.attributes
                0x00000033       0x33 obj_x.ip5-cc13xx/ccfg.o
 .ARM.attributes
                0x00000066       0x33 obj_x.ip5-cc13xx/startup_gcc.o
 .ARM.attributes
                0x00000099       0x33 gw-cen.co
 .ARM.attributes
                0x000000cc       0x33 contiki-x.ip5-cc13xx.a(contiki-main.o)
 .ARM.attributes
                0x000000ff       0x33 contiki-x.ip5-cc13xx.a(sensors.o)
 .ARM.attributes
                0x00000132       0x33 contiki-x.ip5-cc13xx.a(leds.o)
 .ARM.attributes
                0x00000165       0x33 contiki-x.ip5-cc13xx.a(leds-arch.o)
 .ARM.attributes
                0x00000198       0x33 contiki-x.ip5-cc13xx.a(srf06-sensors.o)
 .ARM.attributes
                0x000001cb       0x33 contiki-x.ip5-cc13xx.a(button-sensor.o)
 .ARM.attributes
                0x000001fe       0x33 contiki-x.ip5-cc13xx.a(board.o)
 .ARM.attributes
                0x00000231       0x33 contiki-x.ip5-cc13xx.a(als-sensor.o)
 .ARM.attributes
                0x00000264       0x33 contiki-x.ip5-cc13xx.a(prop-mode.o)
 .ARM.attributes
                0x00000297       0x33 contiki-x.ip5-cc13xx.a(prop-mode-tx-po)
 .ARM.attributes
                0x000002ca       0x33 contiki-x.ip5-cc13xx.a(clock.o)
 .ARM.attributes
                0x000002fd       0x33 contiki-x.ip5-cc13xx.a(rtimer-arch.o)
 .ARM.attributes
                0x00000330       0x33 contiki-x.ip5-cc13xx.a(soc-rtc.o)
 .ARM.attributes
                0x00000363       0x33 contiki-x.ip5-cc13xx.a(contiki-watchdo)
 .ARM.attributes
                0x00000396       0x33 contiki-x.ip5-cc13xx.a(aux-ctrl.o)
 .ARM.attributes
                0x000003c9       0x33 contiki-x.ip5-cc13xx.a(putchar.o)
 .ARM.attributes
                0x000003fc       0x33 contiki-x.ip5-cc13xx.a(ieee-addr.o)
 .ARM.attributes
                0x0000042f       0x33 contiki-x.ip5-cc13xx.a(cc26xx-uart.o)
 .ARM.attributes
                0x00000462       0x33 contiki-x.ip5-cc13xx.a(lpm.o)
 .ARM.attributes
                0x00000495       0x33 contiki-x.ip5-cc13xx.a(gpio-interrupt.)
 .ARM.attributes
                0x000004c8       0x33 contiki-x.ip5-cc13xx.a(oscillators.o)
 .ARM.attributes
                0x000004fb       0x33 contiki-x.ip5-cc13xx.a(rf-core.o)
 .ARM.attributes
                0x0000052e       0x33 contiki-x.ip5-cc13xx.a(rf-ble.o)
 .ARM.attributes
                0x00000561       0x33 contiki-x.ip5-cc13xx.a(random.o)
 .ARM.attributes
                0x00000594       0x33 contiki-x.ip5-cc13xx.a(soc-trng.o)
 .ARM.attributes
                0x000005c7       0x33 contiki-x.ip5-cc13xx.a(dbg-printf.o)
 .ARM.attributes
                0x000005fa       0x33 contiki-x.ip5-cc13xx.a(strformat.o)
 .ARM.attributes
                0x0000062d       0x33 contiki-x.ip5-cc13xx.a(autostart.o)
 .ARM.attributes
                0x00000660       0x33 contiki-x.ip5-cc13xx.a(ctimer.o)
 .ARM.attributes
                0x00000693       0x33 contiki-x.ip5-cc13xx.a(energest.o)
 .ARM.attributes
                0x000006c6       0x33 contiki-x.ip5-cc13xx.a(etimer.o)
 .ARM.attributes
                0x000006f9       0x33 contiki-x.ip5-cc13xx.a(process.o)
 .ARM.attributes
                0x0000072c       0x33 contiki-x.ip5-cc13xx.a(rtimer.o)
 .ARM.attributes
                0x0000075f       0x33 contiki-x.ip5-cc13xx.a(timer.o)
 .ARM.attributes
                0x00000792       0x33 contiki-x.ip5-cc13xx.a(serial-line.o)
 .ARM.attributes
                0x000007c5       0x33 contiki-x.ip5-cc13xx.a(list.o)
 .ARM.attributes
                0x000007f8       0x33 contiki-x.ip5-cc13xx.a(ringbuf.o)
 .ARM.attributes
                0x0000082b       0x33 contiki-x.ip5-cc13xx.a(broadcast.o)
 .ARM.attributes
                0x0000085e       0x33 contiki-x.ip5-cc13xx.a(channel.o)
 .ARM.attributes
                0x00000891       0x33 contiki-x.ip5-cc13xx.a(rime.o)
 .ARM.attributes
                0x000008c4       0x33 contiki-x.ip5-cc13xx.a(adi.o)
 .ARM.attributes
                0x000008f7       0x33 contiki-x.ip5-cc13xx.a(aon_rtc.o)
 .ARM.attributes
                0x0000092a       0x33 contiki-x.ip5-cc13xx.a(aux_adc.o)
 .ARM.attributes
                0x0000095d       0x33 contiki-x.ip5-cc13xx.a(chipinfo.o)
 .ARM.attributes
                0x00000990       0x33 contiki-x.ip5-cc13xx.a(cpu.o)
 .ARM.attributes
                0x000009c3       0x33 contiki-x.ip5-cc13xx.a(osc.o)
 .ARM.attributes
                0x000009f6       0x33 contiki-x.ip5-cc13xx.a(pwr_ctrl.o)
 .ARM.attributes
                0x00000a29       0x33 contiki-x.ip5-cc13xx.a(rfc.o)
 .ARM.attributes
                0x00000a5c       0x33 contiki-x.ip5-cc13xx.a(setup.o)
 .ARM.attributes
                0x00000a8f       0x33 contiki-x.ip5-cc13xx.a(setup_rom.o)
 .ARM.attributes
                0x00000ac2       0x33 contiki-x.ip5-cc13xx.a(sys_ctrl.o)
 .ARM.attributes
                0x00000af5       0x33 contiki-x.ip5-cc13xx.a(trng.o)
 .ARM.attributes
                0x00000b28       0x33 contiki-x.ip5-cc13xx.a(linkaddr.o)
 .ARM.attributes
                0x00000b5b       0x33 contiki-x.ip5-cc13xx.a(netstack.o)
 .ARM.attributes
                0x00000b8e       0x33 contiki-x.ip5-cc13xx.a(packetbuf.o)
 .ARM.attributes
                0x00000bc1       0x33 contiki-x.ip5-cc13xx.a(queuebuf.o)
 .ARM.attributes
                0x00000bf4       0x33 contiki-x.ip5-cc13xx.a(csma.o)
 .ARM.attributes
                0x00000c27       0x33 contiki-x.ip5-cc13xx.a(mac.o)
 .ARM.attributes
                0x00000c5a       0x33 contiki-x.ip5-cc13xx.a(contikimac.o)
 .ARM.attributes
                0x00000c8d       0x33 contiki-x.ip5-cc13xx.a(nullsec.o)
 .ARM.attributes
                0x00000cc0       0x33 contiki-x.ip5-cc13xx.a(smartrf-setting)
 .ARM.attributes
                0x00000cf3       0x33 contiki-x.ip5-cc13xx.a(memb.o)
 .ARM.attributes
                0x00000d26       0x33 contiki-x.ip5-cc13xx.a(abc.o)
 .ARM.attributes
                0x00000d59       0x33 contiki-x.ip5-cc13xx.a(announcement.o)
 .ARM.attributes
                0x00000d8c       0x33 contiki-x.ip5-cc13xx.a(broadcast-annou)
 .ARM.attributes
                0x00000dbf       0x33 contiki-x.ip5-cc13xx.a(chameleon.o)
 .ARM.attributes
                0x00000df2       0x33 contiki-x.ip5-cc13xx.a(aon_batmon.o)
 .ARM.attributes
                0x00000e25       0x33 contiki-x.ip5-cc13xx.a(ddi.o)
 .ARM.attributes
                0x00000e58       0x33 contiki-x.ip5-cc13xx.a(frame802154.o)
 .ARM.attributes
                0x00000e8b       0x33 contiki-x.ip5-cc13xx.a(framer-802154.o)
 .ARM.attributes
                0x00000ebe       0x33 contiki-x.ip5-cc13xx.a(mac-sequence.o)
 .ARM.attributes
                0x00000ef1       0x33 contiki-x.ip5-cc13xx.a(chameleon-bitop)
 .ARM.attributes
                0x00000f24       0x1d /usr/bin/../lib/gcc/arm-none-eabi/4.9.3/armv7-m/libgcc.a(_aeabi_uldivmod.o)
 .ARM.attributes
                0x00000f41       0x2d /usr/bin/../lib/gcc/arm-none-eabi/4.9.3/armv7-m/libgcc.a(bpabi.o)
 .ARM.attributes
                0x00000f6e       0x1d /usr/bin/../lib/gcc/arm-none-eabi/4.9.3/armv7-m/libgcc.a(_dvmd_tls.o)
 .ARM.attributes
                0x00000f8b       0x2d /usr/bin/../lib/gcc/arm-none-eabi/4.9.3/armv7-m/libgcc.a(_divdi3.o)
 .ARM.attributes
                0x00000fb8       0x2d /usr/bin/../lib/gcc/arm-none-eabi/4.9.3/armv7-m/libgcc.a(_udivdi3.o)
 .ARM.attributes
                0x00000fe5       0x2d /usr/bin/../lib/gcc/arm-none-eabi/4.9.3/../../../../arm-none-eabi/lib/armv7-m/libc.a(lib_a-memcmp.o)
 .ARM.attributes
                0x00001012       0x1b /usr/bin/../lib/gcc/arm-none-eabi/4.9.3/../../../../arm-none-eabi/lib/armv7-m/libc.a(lib_a-memcpy.o)
 .ARM.attributes
                0x0000102d       0x2d /usr/bin/../lib/gcc/arm-none-eabi/4.9.3/../../../../arm-none-eabi/lib/armv7-m/libc.a(lib_a-memset.o)
 .ARM.attributes
                0x0000105a       0x1b /usr/bin/../lib/gcc/arm-none-eabi/4.9.3/../../../../arm-none-eabi/lib/armv7-m/libc.a(lib_a-strcmp.o)
 .ARM.attributes
                0x00001075       0x2d /usr/bin/../lib/gcc/arm-none-eabi/4.9.3/../../../../arm-none-eabi/lib/armv7-m/libc.a(lib_a-strcpy.o)
 .ARM.attributes
                0x000010a2       0x2d /usr/bin/../lib/gcc/arm-none-eabi/4.9.3/../../../../arm-none-eabi/lib/armv7-m/libc.a(lib_a-strlen.o)

.debug_frame    0x00000000      0x190
 .debug_frame   0x00000000       0x28 /usr/bin/../lib/gcc/arm-none-eabi/4.9.3/armv7-m/libgcc.a(_aeabi_uldivmod.o)
 .debug_frame   0x00000028       0x54 /usr/bin/../lib/gcc/arm-none-eabi/4.9.3/armv7-m/libgcc.a(bpabi.o)
 .debug_frame   0x0000007c       0x34 /usr/bin/../lib/gcc/arm-none-eabi/4.9.3/armv7-m/libgcc.a(_divdi3.o)
 .debug_frame   0x000000b0       0x34 /usr/bin/../lib/gcc/arm-none-eabi/4.9.3/armv7-m/libgcc.a(_udivdi3.o)
 .debug_frame   0x000000e4       0x38 /usr/bin/../lib/gcc/arm-none-eabi/4.9.3/../../../../arm-none-eabi/lib/armv7-m/libc.a(lib_a-memcmp.o)
 .debug_frame   0x0000011c       0x34 /usr/bin/../lib/gcc/arm-none-eabi/4.9.3/../../../../arm-none-eabi/lib/armv7-m/libc.a(lib_a-memset.o)
 .debug_frame   0x00000150       0x20 /usr/bin/../lib/gcc/arm-none-eabi/4.9.3/../../../../arm-none-eabi/lib/armv7-m/libc.a(lib_a-strcpy.o)
 .debug_frame   0x00000170       0x20 /usr/bin/../lib/gcc/arm-none-eabi/4.9.3/../../../../arm-none-eabi/lib/armv7-m/libc.a(lib_a-strlen.o)

Cross Reference Table

Symbol                                            File
AONIntHandler                                     obj_x.ip5-cc13xx/startup_gcc.o
AONProgIntHandler                                 obj_x.ip5-cc13xx/startup_gcc.o
AONRTCIntHandler                                  contiki-x.ip5-cc13xx.a(soc-rtc.o)
                                                  obj_x.ip5-cc13xx/startup_gcc.o
AUXADCIntHandler                                  obj_x.ip5-cc13xx/startup_gcc.o
AUXCombEventIntHandler                            obj_x.ip5-cc13xx/startup_gcc.o
AUXCompAIntHandler                                obj_x.ip5-cc13xx/startup_gcc.o
AUXSWEvent0IntHandler                             obj_x.ip5-cc13xx/startup_gcc.o
AUXSWEvent1IntHandler                             obj_x.ip5-cc13xx/startup_gcc.o
BusFaultIntHandler                                obj_x.ip5-cc13xx/startup_gcc.o
CryptoIntHandler                                  obj_x.ip5-cc13xx/startup_gcc.o
DebugMonIntHandler                                obj_x.ip5-cc13xx/startup_gcc.o
DynProgIntHandler                                 obj_x.ip5-cc13xx/startup_gcc.o
FaultISR                                          obj_x.ip5-cc13xx/fault-handlers.o
FlashIntHandler                                   obj_x.ip5-cc13xx/startup_gcc.o
GPIOIntHandler                                    contiki-x.ip5-cc13xx.a(gpio-interrupt.)
                                                  obj_x.ip5-cc13xx/startup_gcc.o
I2CIntHandler                                     obj_x.ip5-cc13xx/startup_gcc.o
I2SIntHandler                                     obj_x.ip5-cc13xx/startup_gcc.o
MPUFaultIntHandler                                obj_x.ip5-cc13xx/startup_gcc.o
NOROM_AONBatMonTemperatureGetDegC                 contiki-x.ip5-cc13xx.a(aon_batmon.o)
                                                  contiki-x.ip5-cc13xx.a(sys_ctrl.o)
                                                  contiki-x.ip5-cc13xx.a(osc.o)
NOROM_AONRTCCurrent64BitValueGet                  contiki-x.ip5-cc13xx.a(aon_rtc.o)
NOROM_AONRTCCurrentCompareValueGet                contiki-x.ip5-cc13xx.a(aon_rtc.o)
                                                  contiki-x.ip5-cc13xx.a(osc.o)
                                                  contiki-x.ip5-cc13xx.a(soc-rtc.o)
                                                  contiki-x.ip5-cc13xx.a(rtimer-arch.o)
NOROM_AUXADCAdjustValueForGainAndOffset           contiki-x.ip5-cc13xx.a(aux_adc.o)
NOROM_AUXADCDisable                               contiki-x.ip5-cc13xx.a(aux_adc.o)
                                                  contiki-x.ip5-cc13xx.a(als-sensor.o)
NOROM_AUXADCDisableInputScaling                   contiki-x.ip5-cc13xx.a(aux_adc.o)
NOROM_AUXADCEnableAsync                           contiki-x.ip5-cc13xx.a(aux_adc.o)
NOROM_AUXADCEnableSync                            contiki-x.ip5-cc13xx.a(aux_adc.o)
                                                  contiki-x.ip5-cc13xx.a(als-sensor.o)
NOROM_AUXADCFlushFifo                             contiki-x.ip5-cc13xx.a(aux_adc.o)
NOROM_AUXADCGetAdjustmentGain                     contiki-x.ip5-cc13xx.a(aux_adc.o)
NOROM_AUXADCGetAdjustmentOffset                   contiki-x.ip5-cc13xx.a(aux_adc.o)
NOROM_AUXADCMicrovoltsToValue                     contiki-x.ip5-cc13xx.a(aux_adc.o)
NOROM_AUXADCPopFifo                               contiki-x.ip5-cc13xx.a(aux_adc.o)
NOROM_AUXADCReadFifo                              contiki-x.ip5-cc13xx.a(aux_adc.o)
                                                  contiki-x.ip5-cc13xx.a(als-sensor.o)
NOROM_AUXADCUnadjustValueForGainAndOffset         contiki-x.ip5-cc13xx.a(aux_adc.o)
NOROM_AUXADCValueToMicrovolts                     contiki-x.ip5-cc13xx.a(aux_adc.o)
NOROM_CPUbasepriGet                               contiki-x.ip5-cc13xx.a(cpu.o)
NOROM_CPUcpsid                                    contiki-x.ip5-cc13xx.a(cpu.o)
                                                  contiki-x.ip5-cc13xx.a(ddi.o)
                                                  contiki-x.ip5-cc13xx.a(aux_adc.o)
                                                  contiki-x.ip5-cc13xx.a(adi.o)
                                                  contiki-x.ip5-cc13xx.a(soc-trng.o)
                                                  contiki-x.ip5-cc13xx.a(rf-ble.o)
                                                  contiki-x.ip5-cc13xx.a(rf-core.o)
                                                  contiki-x.ip5-cc13xx.a(gpio-interrupt.)
                                                  contiki-x.ip5-cc13xx.a(lpm.o)
                                                  contiki-x.ip5-cc13xx.a(cc26xx-uart.o)
                                                  contiki-x.ip5-cc13xx.a(aux-ctrl.o)
                                                  contiki-x.ip5-cc13xx.a(contiki-watchdo)
                                                  contiki-x.ip5-cc13xx.a(soc-rtc.o)
                                                  contiki-x.ip5-cc13xx.a(clock.o)
                                                  contiki-x.ip5-cc13xx.a(board.o)
                                                  contiki-x.ip5-cc13xx.a(contiki-main.o)
NOROM_CPUcpsie                                    contiki-x.ip5-cc13xx.a(cpu.o)
                                                  contiki-x.ip5-cc13xx.a(ddi.o)
                                                  contiki-x.ip5-cc13xx.a(aux_adc.o)
                                                  contiki-x.ip5-cc13xx.a(adi.o)
                                                  contiki-x.ip5-cc13xx.a(soc-trng.o)
                                                  contiki-x.ip5-cc13xx.a(rf-ble.o)
                                                  contiki-x.ip5-cc13xx.a(rf-core.o)
                                                  contiki-x.ip5-cc13xx.a(gpio-interrupt.)
                                                  contiki-x.ip5-cc13xx.a(lpm.o)
                                                  contiki-x.ip5-cc13xx.a(cc26xx-uart.o)
                                                  contiki-x.ip5-cc13xx.a(aux-ctrl.o)
                                                  contiki-x.ip5-cc13xx.a(contiki-watchdo)
                                                  contiki-x.ip5-cc13xx.a(soc-rtc.o)
                                                  contiki-x.ip5-cc13xx.a(clock.o)
                                                  contiki-x.ip5-cc13xx.a(board.o)
                                                  contiki-x.ip5-cc13xx.a(contiki-main.o)
NOROM_CPUdelay                                    contiki-x.ip5-cc13xx.a(cpu.o)
NOROM_CPUprimask                                  contiki-x.ip5-cc13xx.a(cpu.o)
NOROM_ChipInfo_GetChipFamily                      contiki-x.ip5-cc13xx.a(chipinfo.o)
                                                  contiki-x.ip5-cc13xx.a(prop-mode.o)
                                                  contiki-x.ip5-cc13xx.a(contiki-main.o)
NOROM_ChipInfo_GetChipType                        contiki-x.ip5-cc13xx.a(chipinfo.o)
                                                  contiki-x.ip5-cc13xx.a(rf-core.o)
NOROM_ChipInfo_GetHwRevision                      contiki-x.ip5-cc13xx.a(chipinfo.o)
NOROM_ChipInfo_GetPackageType                     contiki-x.ip5-cc13xx.a(chipinfo.o)
NOROM_ChipInfo_GetSupportedProtocol_BV            contiki-x.ip5-cc13xx.a(chipinfo.o)
                                                  contiki-x.ip5-cc13xx.a(contiki-main.o)
NOROM_DDI16BitRead                                contiki-x.ip5-cc13xx.a(ddi.o)
NOROM_DDI16BitWrite                               contiki-x.ip5-cc13xx.a(ddi.o)
NOROM_DDI16BitfieldRead                           contiki-x.ip5-cc13xx.a(ddi.o)
NOROM_DDI16BitfieldWrite                          contiki-x.ip5-cc13xx.a(ddi.o)
NOROM_DDI32RegWrite                               contiki-x.ip5-cc13xx.a(ddi.o)
                                                  contiki-x.ip5-cc13xx.a(setup_rom.o)
NOROM_OSCClockSourceGet                           contiki-x.ip5-cc13xx.a(osc.o)
                                                  contiki-x.ip5-cc13xx.a(sys_ctrl.o)
                                                  contiki-x.ip5-cc13xx.a(setup_rom.o)
                                                  contiki-x.ip5-cc13xx.a(oscillators.o)
NOROM_OSCClockSourceSet                           contiki-x.ip5-cc13xx.a(osc.o)
                                                  contiki-x.ip5-cc13xx.a(sys_ctrl.o)
                                                  contiki-x.ip5-cc13xx.a(setup_rom.o)
                                                  contiki-x.ip5-cc13xx.a(oscillators.o)
NOROM_OSCHF_AttemptToSwitchToXosc                 contiki-x.ip5-cc13xx.a(osc.o)
NOROM_OSCHF_DebugGetCrystalAmplitude              contiki-x.ip5-cc13xx.a(osc.o)
NOROM_OSCHF_DebugGetExpectedAverageCrystalAmplitude contiki-x.ip5-cc13xx.a(osc.o)
NOROM_OSCHF_GetStartupTime                        contiki-x.ip5-cc13xx.a(osc.o)
NOROM_OSCHF_SwitchToRcOscTurnOffXosc              contiki-x.ip5-cc13xx.a(osc.o)
NOROM_OSCHF_TurnOnXosc                            contiki-x.ip5-cc13xx.a(osc.o)
NOROM_OSC_HPOSCRelativeFrequencyOffsetGet         contiki-x.ip5-cc13xx.a(osc.o)
NOROM_OSC_HPOSCRelativeFrequencyOffsetToRFCoreFormatConvert contiki-x.ip5-cc13xx.a(osc.o)
NOROM_PowerCtrlSourceSet                          contiki-x.ip5-cc13xx.a(pwr_ctrl.o)
                                                  contiki-x.ip5-cc13xx.a(lpm.o)
NOROM_RFCAdi3VcoLdoVoltageMode                    contiki-x.ip5-cc13xx.a(rfc.o)
                                                  contiki-x.ip5-cc13xx.a(prop-mode.o)
NOROM_RFCCPEPatchReset                            contiki-x.ip5-cc13xx.a(rfc.o)
NOROM_RFCCpeIntGetAndClear                        contiki-x.ip5-cc13xx.a(rfc.o)
NOROM_RFCDoorbellSendTo                           contiki-x.ip5-cc13xx.a(rfc.o)
NOROM_RFCRTrim                                    contiki-x.ip5-cc13xx.a(rfc.o)
                                                  contiki-x.ip5-cc13xx.a(prop-mode.o)
NOROM_RFCRfTrimRead                               contiki-x.ip5-cc13xx.a(rfc.o)